MPLINK 4.49, Linker
Linker Map File - Created Tue Oct 30 13:44:32 2018

                                 Section Info
                  Section       Type    Address   Location Size(Bytes)
                ---------  ---------  ---------  ---------  ---------
                   .org_0       code   0x000000    program   0x000000
                   .org_1       code   0x000000    program   0x000002
                   .org_2       code   0x000004    program   0x0000d0
      .config_2007_TMR1.O       code   0x002007    program   0x000002



                              Program Memory Usage 
                               Start         End      
                           ---------   ---------      
                            0x000000    0x000000      
                            0x000004    0x00006b      
                            0x002007    0x002007      
            106 out of 8454 program addresses used, program memory utilization is 1%



                              Symbols - Sorted by Name
                     Name    Address   Location    Storage File                     
                ---------  ---------  ---------  --------- ---------                
                  BUTTON0   0x000004    program     static C:\Users\PERFECT\Desktop\CALISMA\TMR1\TMR1.asm
                  BUTTON1   0x000021    program     static C:\Users\PERFECT\Desktop\CALISMA\TMR1\TMR1.asm
                    DONGU   0x00006b    program     static C:\Users\PERFECT\Desktop\CALISMA\TMR1\TMR1.asm
                  GECIKME   0x000015    program     static C:\Users\PERFECT\Desktop\CALISMA\TMR1\TMR1.asm
                 GECIKME1   0x000017    program     static C:\Users\PERFECT\Desktop\CALISMA\TMR1\TMR1.asm
                 GECIKTIR   0x000019    program     static C:\Users\PERFECT\Desktop\CALISMA\TMR1\TMR1.asm
                    KESME   0x000030    program     static C:\Users\PERFECT\Desktop\CALISMA\TMR1\TMR1.asm
                     MAIN   0x000041    program     static C:\Users\PERFECT\Desktop\CALISMA\TMR1\TMR1.asm
                     UYAR   0x00001e    program     static C:\Users\PERFECT\Desktop\CALISMA\TMR1\TMR1.asm



                              Symbols - Sorted by Address
                     Name    Address   Location    Storage File                     
                ---------  ---------  ---------  --------- ---------                
                  BUTTON0   0x000004    program     static C:\Users\PERFECT\Desktop\CALISMA\TMR1\TMR1.asm
                  GECIKME   0x000015    program     static C:\Users\PERFECT\Desktop\CALISMA\TMR1\TMR1.asm
                 GECIKME1   0x000017    program     static C:\Users\PERFECT\Desktop\CALISMA\TMR1\TMR1.asm
                 GECIKTIR   0x000019    program     static C:\Users\PERFECT\Desktop\CALISMA\TMR1\TMR1.asm
                     UYAR   0x00001e    program     static C:\Users\PERFECT\Desktop\CALISMA\TMR1\TMR1.asm
                  BUTTON1   0x000021    program     static C:\Users\PERFECT\Desktop\CALISMA\TMR1\TMR1.asm
                    KESME   0x000030    program     static C:\Users\PERFECT\Desktop\CALISMA\TMR1\TMR1.asm
                     MAIN   0x000041    program     static C:\Users\PERFECT\Desktop\CALISMA\TMR1\TMR1.asm
                    DONGU   0x00006b    program     static C:\Users\PERFECT\Desktop\CALISMA\TMR1\TMR1.asm


