MPLINK 4.49, Linker
Linker Map File - Created Mon Dec 03 14:45:54 2018

                                 Section Info
                  Section       Type    Address   Location Size(Bytes)
                ---------  ---------  ---------  ---------  ---------
                   .org_0       code   0x000000    program   0x000000
                   .org_1       code   0x000000    program   0x000002
                   .org_2       code   0x000004    program   0x000114
.config_2007_MADEIN_TAHTALI_REIS.O       code   0x002007    program   0x000002



                              Program Memory Usage 
                               Start         End      
                           ---------   ---------      
                            0x000000    0x000000      
                            0x000004    0x00008d      
                            0x002007    0x002007      
            140 out of 8454 program addresses used, program memory utilization is 1%



                              Symbols - Sorted by Name
                     Name    Address   Location    Storage File                     
                ---------  ---------  ---------  --------- ---------                
                    ARTIR   0x000012    program     static C:\Users\BRAIN\Desktop\LCD\LCD_4_BIT_1_SN_DE_SAYI_ARTIRMA\MADEIN_TAHTALI_REIS.asm
                    DONGU   0x00005f    program     static C:\Users\BRAIN\Desktop\LCD\LCD_4_BIT_1_SN_DE_SAYI_ARTIRMA\MADEIN_TAHTALI_REIS.asm
                  GECIKME   0x000085    program     static C:\Users\BRAIN\Desktop\LCD\LCD_4_BIT_1_SN_DE_SAYI_ARTIRMA\MADEIN_TAHTALI_REIS.asm
                 GECIKME1   0x000087    program     static C:\Users\BRAIN\Desktop\LCD\LCD_4_BIT_1_SN_DE_SAYI_ARTIRMA\MADEIN_TAHTALI_REIS.asm
                 GECIKTIR   0x000089    program     static C:\Users\BRAIN\Desktop\LCD\LCD_4_BIT_1_SN_DE_SAYI_ARTIRMA\MADEIN_TAHTALI_REIS.asm
                    KESME   0x000004    program     static C:\Users\BRAIN\Desktop\LCD\LCD_4_BIT_1_SN_DE_SAYI_ARTIRMA\MADEIN_TAHTALI_REIS.asm
                    KOMUT   0x000060    program     static C:\Users\BRAIN\Desktop\LCD\LCD_4_BIT_1_SN_DE_SAYI_ARTIRMA\MADEIN_TAHTALI_REIS.asm
             KOMUT_GONDER   0x00006d    program     static C:\Users\BRAIN\Desktop\LCD\LCD_4_BIT_1_SN_DE_SAYI_ARTIRMA\MADEIN_TAHTALI_REIS.asm
                KOMUT_YAZ   0x000067    program     static C:\Users\BRAIN\Desktop\LCD\LCD_4_BIT_1_SN_DE_SAYI_ARTIRMA\MADEIN_TAHTALI_REIS.asm
           KONTROL_BIRLER   0x000030    program     static C:\Users\BRAIN\Desktop\LCD\LCD_4_BIT_1_SN_DE_SAYI_ARTIRMA\MADEIN_TAHTALI_REIS.asm
            KONTROL_ONLAR   0x000036    program     static C:\Users\BRAIN\Desktop\LCD\LCD_4_BIT_1_SN_DE_SAYI_ARTIRMA\MADEIN_TAHTALI_REIS.asm
           KONTROL_YUZLER   0x00003c    program     static C:\Users\BRAIN\Desktop\LCD\LCD_4_BIT_1_SN_DE_SAYI_ARTIRMA\MADEIN_TAHTALI_REIS.asm
                   LOOKUP   0x000024    program     static C:\Users\BRAIN\Desktop\LCD\LCD_4_BIT_1_SN_DE_SAYI_ARTIRMA\MADEIN_TAHTALI_REIS.asm
                     MAIN   0x000042    program     static C:\Users\BRAIN\Desktop\LCD\LCD_4_BIT_1_SN_DE_SAYI_ARTIRMA\MADEIN_TAHTALI_REIS.asm
              VERI_GONDER   0x00007c    program     static C:\Users\BRAIN\Desktop\LCD\LCD_4_BIT_1_SN_DE_SAYI_ARTIRMA\MADEIN_TAHTALI_REIS.asm
                 VERI_YAZ   0x000076    program     static C:\Users\BRAIN\Desktop\LCD\LCD_4_BIT_1_SN_DE_SAYI_ARTIRMA\MADEIN_TAHTALI_REIS.asm



                              Symbols - Sorted by Address
                     Name    Address   Location    Storage File                     
                ---------  ---------  ---------  --------- ---------                
                    KESME   0x000004    program     static C:\Users\BRAIN\Desktop\LCD\LCD_4_BIT_1_SN_DE_SAYI_ARTIRMA\MADEIN_TAHTALI_REIS.asm
                    ARTIR   0x000012    program     static C:\Users\BRAIN\Desktop\LCD\LCD_4_BIT_1_SN_DE_SAYI_ARTIRMA\MADEIN_TAHTALI_REIS.asm
                   LOOKUP   0x000024    program     static C:\Users\BRAIN\Desktop\LCD\LCD_4_BIT_1_SN_DE_SAYI_ARTIRMA\MADEIN_TAHTALI_REIS.asm
           KONTROL_BIRLER   0x000030    program     static C:\Users\BRAIN\Desktop\LCD\LCD_4_BIT_1_SN_DE_SAYI_ARTIRMA\MADEIN_TAHTALI_REIS.asm
            KONTROL_ONLAR   0x000036    program     static C:\Users\BRAIN\Desktop\LCD\LCD_4_BIT_1_SN_DE_SAYI_ARTIRMA\MADEIN_TAHTALI_REIS.asm
           KONTROL_YUZLER   0x00003c    program     static C:\Users\BRAIN\Desktop\LCD\LCD_4_BIT_1_SN_DE_SAYI_ARTIRMA\MADEIN_TAHTALI_REIS.asm
                     MAIN   0x000042    program     static C:\Users\BRAIN\Desktop\LCD\LCD_4_BIT_1_SN_DE_SAYI_ARTIRMA\MADEIN_TAHTALI_REIS.asm
                    DONGU   0x00005f    program     static C:\Users\BRAIN\Desktop\LCD\LCD_4_BIT_1_SN_DE_SAYI_ARTIRMA\MADEIN_TAHTALI_REIS.asm
                    KOMUT   0x000060    program     static C:\Users\BRAIN\Desktop\LCD\LCD_4_BIT_1_SN_DE_SAYI_ARTIRMA\MADEIN_TAHTALI_REIS.asm
                KOMUT_YAZ   0x000067    program     static C:\Users\BRAIN\Desktop\LCD\LCD_4_BIT_1_SN_DE_SAYI_ARTIRMA\MADEIN_TAHTALI_REIS.asm
             KOMUT_GONDER   0x00006d    program     static C:\Users\BRAIN\Desktop\LCD\LCD_4_BIT_1_SN_DE_SAYI_ARTIRMA\MADEIN_TAHTALI_REIS.asm
                 VERI_YAZ   0x000076    program     static C:\Users\BRAIN\Desktop\LCD\LCD_4_BIT_1_SN_DE_SAYI_ARTIRMA\MADEIN_TAHTALI_REIS.asm
              VERI_GONDER   0x00007c    program     static C:\Users\BRAIN\Desktop\LCD\LCD_4_BIT_1_SN_DE_SAYI_ARTIRMA\MADEIN_TAHTALI_REIS.asm
                  GECIKME   0x000085    program     static C:\Users\BRAIN\Desktop\LCD\LCD_4_BIT_1_SN_DE_SAYI_ARTIRMA\MADEIN_TAHTALI_REIS.asm
                 GECIKME1   0x000087    program     static C:\Users\BRAIN\Desktop\LCD\LCD_4_BIT_1_SN_DE_SAYI_ARTIRMA\MADEIN_TAHTALI_REIS.asm
                 GECIKTIR   0x000089    program     static C:\Users\BRAIN\Desktop\LCD\LCD_4_BIT_1_SN_DE_SAYI_ARTIRMA\MADEIN_TAHTALI_REIS.asm


