MPLINK 4.49, Linker
Linker Map File - Created Mon Nov 19 14:35:52 2018

                                 Section Info
                  Section       Type    Address   Location Size(Bytes)
                ---------  ---------  ---------  ---------  ---------
                   .org_0       code   0x000000    program   0x000000
                   .org_1       code   0x000000    program   0x00005c



                              Program Memory Usage 
                               Start         End      
                           ---------   ---------      
                            0x000000    0x00002d      
            46 out of 8454 program addresses used, program memory utilization is 0%



                              Symbols - Sorted by Name
                     Name    Address   Location    Storage File                     
                ---------  ---------  ---------  --------- ---------                
                 DONUSTUR   0x000012    program     static C:\Users\BRAIN\Desktop\CALISMA\an5_kanalina_bagli_potans._digitale_cevir\Untitled.asm
                  GECIKME   0x000025    program     static C:\Users\BRAIN\Desktop\CALISMA\an5_kanalina_bagli_potans._digitale_cevir\Untitled.asm
                 GECIKME1   0x000027    program     static C:\Users\BRAIN\Desktop\CALISMA\an5_kanalina_bagli_potans._digitale_cevir\Untitled.asm
                 GECIKTIR   0x000029    program     static C:\Users\BRAIN\Desktop\CALISMA\an5_kanalina_bagli_potans._digitale_cevir\Untitled.asm
                  KONTROL   0x000016    program     static C:\Users\BRAIN\Desktop\CALISMA\an5_kanalina_bagli_potans._digitale_cevir\Untitled.asm
                     MAIN   0x000000    program     static C:\Users\BRAIN\Desktop\CALISMA\an5_kanalina_bagli_potans._digitale_cevir\Untitled.asm
                      YAZ   0x000018    program     static C:\Users\BRAIN\Desktop\CALISMA\an5_kanalina_bagli_potans._digitale_cevir\Untitled.asm



                              Symbols - Sorted by Address
                     Name    Address   Location    Storage File                     
                ---------  ---------  ---------  --------- ---------                
                     MAIN   0x000000    program     static C:\Users\BRAIN\Desktop\CALISMA\an5_kanalina_bagli_potans._digitale_cevir\Untitled.asm
                 DONUSTUR   0x000012    program     static C:\Users\BRAIN\Desktop\CALISMA\an5_kanalina_bagli_potans._digitale_cevir\Untitled.asm
                  KONTROL   0x000016    program     static C:\Users\BRAIN\Desktop\CALISMA\an5_kanalina_bagli_potans._digitale_cevir\Untitled.asm
                      YAZ   0x000018    program     static C:\Users\BRAIN\Desktop\CALISMA\an5_kanalina_bagli_potans._digitale_cevir\Untitled.asm
                  GECIKME   0x000025    program     static C:\Users\BRAIN\Desktop\CALISMA\an5_kanalina_bagli_potans._digitale_cevir\Untitled.asm
                 GECIKME1   0x000027    program     static C:\Users\BRAIN\Desktop\CALISMA\an5_kanalina_bagli_potans._digitale_cevir\Untitled.asm
                 GECIKTIR   0x000029    program     static C:\Users\BRAIN\Desktop\CALISMA\an5_kanalina_bagli_potans._digitale_cevir\Untitled.asm


