MPLINK 4.49, Linker
Linker Map File - Created Tue Oct 23 14:30:28 2018

                                 Section Info
                  Section       Type    Address   Location Size(Bytes)
                ---------  ---------  ---------  ---------  ---------
                   .org_0       code   0x000000    program   0x000000
                   .org_1       code   0x000000    program   0x00006e
.config_2007_BIRINCIODEV.O       code   0x002007    program   0x000002



                              Program Memory Usage 
                               Start         End      
                           ---------   ---------      
                            0x000000    0x000036      
                            0x002007    0x002007      
            56 out of 8454 program addresses used, program memory utilization is 0%



                              Symbols - Sorted by Name
                     Name    Address   Location    Storage File                     
                ---------  ---------  ---------  --------- ---------                
                    ATAMA   0x00001b    program     static C:\Users\PERFECT\Desktop\CALISMA\8X8=16BIT_ODEVI\birinciodev.asm
                    AZALT   0x000018    program     static C:\Users\PERFECT\Desktop\CALISMA\8X8=16BIT_ODEVI\birinciodev.asm
                   BUTTON   0x00001f    program     static C:\Users\PERFECT\Desktop\CALISMA\8X8=16BIT_ODEVI\birinciodev.asm
                  GECIKME   0x00002e    program     static C:\Users\PERFECT\Desktop\CALISMA\8X8=16BIT_ODEVI\birinciodev.asm
                 GECIKME0   0x000030    program     static C:\Users\PERFECT\Desktop\CALISMA\8X8=16BIT_ODEVI\birinciodev.asm
                 GECIKME1   0x000032    program     static C:\Users\PERFECT\Desktop\CALISMA\8X8=16BIT_ODEVI\birinciodev.asm
                 ILKSEKIZ   0x000022    program     static C:\Users\PERFECT\Desktop\CALISMA\8X8=16BIT_ODEVI\birinciodev.asm
                    ISLEM   0x000013    program     static C:\Users\PERFECT\Desktop\CALISMA\8X8=16BIT_ODEVI\birinciodev.asm
                     MAIN   0x000001    program     static C:\Users\PERFECT\Desktop\CALISMA\8X8=16BIT_ODEVI\birinciodev.asm
                      SON   0x000037    program     static C:\Users\PERFECT\Desktop\CALISMA\8X8=16BIT_ODEVI\birinciodev.asm
                 SONSEKIZ   0x000028    program     static C:\Users\PERFECT\Desktop\CALISMA\8X8=16BIT_ODEVI\birinciodev.asm



                              Symbols - Sorted by Address
                     Name    Address   Location    Storage File                     
                ---------  ---------  ---------  --------- ---------                
                     MAIN   0x000001    program     static C:\Users\PERFECT\Desktop\CALISMA\8X8=16BIT_ODEVI\birinciodev.asm
                    ISLEM   0x000013    program     static C:\Users\PERFECT\Desktop\CALISMA\8X8=16BIT_ODEVI\birinciodev.asm
                    AZALT   0x000018    program     static C:\Users\PERFECT\Desktop\CALISMA\8X8=16BIT_ODEVI\birinciodev.asm
                    ATAMA   0x00001b    program     static C:\Users\PERFECT\Desktop\CALISMA\8X8=16BIT_ODEVI\birinciodev.asm
                   BUTTON   0x00001f    program     static C:\Users\PERFECT\Desktop\CALISMA\8X8=16BIT_ODEVI\birinciodev.asm
                 ILKSEKIZ   0x000022    program     static C:\Users\PERFECT\Desktop\CALISMA\8X8=16BIT_ODEVI\birinciodev.asm
                 SONSEKIZ   0x000028    program     static C:\Users\PERFECT\Desktop\CALISMA\8X8=16BIT_ODEVI\birinciodev.asm
                  GECIKME   0x00002e    program     static C:\Users\PERFECT\Desktop\CALISMA\8X8=16BIT_ODEVI\birinciodev.asm
                 GECIKME0   0x000030    program     static C:\Users\PERFECT\Desktop\CALISMA\8X8=16BIT_ODEVI\birinciodev.asm
                 GECIKME1   0x000032    program     static C:\Users\PERFECT\Desktop\CALISMA\8X8=16BIT_ODEVI\birinciodev.asm
                      SON   0x000037    program     static C:\Users\PERFECT\Desktop\CALISMA\8X8=16BIT_ODEVI\birinciodev.asm


