MPLINK 4.48, Linker
Linker Map File - Created Fri Nov 27 18:06:49 2015

                                 Section Info
                  Section       Type    Address   Location Size(Bytes)
                ---------  ---------  ---------  ---------  ---------
                   .org_0       code   0x000000    program   0x000002
                   .cinit    romdata   0x000001    program   0x000004
                   .org_1       code   0x000004    program   0x000074
      .config_2007_TMR0.O       code   0x002007    program   0x000002



                              Program Memory Usage 
                               Start         End      
                           ---------   ---------      
                            0x000000    0x000002      
                            0x000004    0x00003d      
                            0x002007    0x002007      
            62 out of 8454 program addresses used, program memory utilization is 0%



                              Symbols - Sorted by Name
                     Name    Address   Location    Storage File                     
                ---------  ---------  ---------  --------- ---------                
              ANA_PROGRAM   0x000030    program     static C:\Users\Nesrin Ulgay\Desktop\Micro\Micro\tmr0\tmr0.asm
                    DONGU   0x00003d    program     static C:\Users\Nesrin Ulgay\Desktop\Micro\Micro\tmr0\tmr0.asm
                    KESME   0x000004    program     static C:\Users\Nesrin Ulgay\Desktop\Micro\Micro\tmr0\tmr0.asm
              KESME_BÝTÝR   0x00002b    program     static C:\Users\Nesrin Ulgay\Desktop\Micro\Micro\tmr0\tmr0.asm
                  KESÝSÝM   0x000023    program     static C:\Users\Nesrin Ulgay\Desktop\Micro\Micro\tmr0\tmr0.asm
                  KONTROL   0x000012    program     static C:\Users\Nesrin Ulgay\Desktop\Micro\Micro\tmr0\tmr0.asm
                  LEDYAK1   0x00001b    program     static C:\Users\Nesrin Ulgay\Desktop\Micro\Micro\tmr0\tmr0.asm
                     YAK1   0x00002c    program     static C:\Users\Nesrin Ulgay\Desktop\Micro\Micro\tmr0\tmr0.asm
                     YAK2   0x00002e    program     static C:\Users\Nesrin Ulgay\Desktop\Micro\Micro\tmr0\tmr0.asm



                              Symbols - Sorted by Address
                     Name    Address   Location    Storage File                     
                ---------  ---------  ---------  --------- ---------                
                    KESME   0x000004    program     static C:\Users\Nesrin Ulgay\Desktop\Micro\Micro\tmr0\tmr0.asm
                  KONTROL   0x000012    program     static C:\Users\Nesrin Ulgay\Desktop\Micro\Micro\tmr0\tmr0.asm
                  LEDYAK1   0x00001b    program     static C:\Users\Nesrin Ulgay\Desktop\Micro\Micro\tmr0\tmr0.asm
                  KESÝSÝM   0x000023    program     static C:\Users\Nesrin Ulgay\Desktop\Micro\Micro\tmr0\tmr0.asm
              KESME_BÝTÝR   0x00002b    program     static C:\Users\Nesrin Ulgay\Desktop\Micro\Micro\tmr0\tmr0.asm
                     YAK1   0x00002c    program     static C:\Users\Nesrin Ulgay\Desktop\Micro\Micro\tmr0\tmr0.asm
                     YAK2   0x00002e    program     static C:\Users\Nesrin Ulgay\Desktop\Micro\Micro\tmr0\tmr0.asm
              ANA_PROGRAM   0x000030    program     static C:\Users\Nesrin Ulgay\Desktop\Micro\Micro\tmr0\tmr0.asm
                    DONGU   0x00003d    program     static C:\Users\Nesrin Ulgay\Desktop\Micro\Micro\tmr0\tmr0.asm


