MPLINK 4.49, Linker
Linker Map File - Created Tue Dec 11 09:00:37 2018

                                 Section Info
                  Section       Type    Address   Location Size(Bytes)
                ---------  ---------  ---------  ---------  ---------
                   .org_0       code   0x000000    program   0x000000
                   .org_1       code   0x000000    program   0x000002
                   .org_2       code   0x000004    program   0x00008e



                              Program Memory Usage 
                               Start         End      
                           ---------   ---------      
                            0x000000    0x000000      
                            0x000004    0x00004a      
            72 out of 8454 program addresses used, program memory utilization is 0%



                              Symbols - Sorted by Name
                     Name    Address   Location    Storage File                     
                ---------  ---------  ---------  --------- ---------                
                    DONGU   0x000015    program     static C:\Users\BRAIN\Desktop\USART ASENKRON ILETISIM\deneme1\Untitled.asm
                  GECIKME   0x000042    program     static C:\Users\BRAIN\Desktop\USART ASENKRON ILETISIM\deneme1\Untitled.asm
                 GECIKME1   0x000044    program     static C:\Users\BRAIN\Desktop\USART ASENKRON ILETISIM\deneme1\Untitled.asm
                 GECIKTIR   0x000046    program     static C:\Users\BRAIN\Desktop\USART ASENKRON ILETISIM\deneme1\Untitled.asm
                    KESME   0x000004    program     static C:\Users\BRAIN\Desktop\USART ASENKRON ILETISIM\deneme1\Untitled.asm
                KOMUT_YAZ   0x00003a    program     static C:\Users\BRAIN\Desktop\USART ASENKRON ILETISIM\deneme1\Untitled.asm
                LCD_KOMUT   0x000016    program     static C:\Users\BRAIN\Desktop\USART ASENKRON ILETISIM\deneme1\Untitled.asm
                     MAIN   0x000009    program     static C:\Users\BRAIN\Desktop\USART ASENKRON ILETISIM\deneme1\Untitled.asm
                      SON   0x00004b    program     static C:\Users\BRAIN\Desktop\USART ASENKRON ILETISIM\deneme1\Untitled.asm
           USART_REGISTER   0x00001f    program     static C:\Users\BRAIN\Desktop\USART ASENKRON ILETISIM\deneme1\Untitled.asm
                 VERI_YAZ   0x000032    program     static C:\Users\BRAIN\Desktop\USART ASENKRON ILETISIM\deneme1\Untitled.asm



                              Symbols - Sorted by Address
                     Name    Address   Location    Storage File                     
                ---------  ---------  ---------  --------- ---------                
                    KESME   0x000004    program     static C:\Users\BRAIN\Desktop\USART ASENKRON ILETISIM\deneme1\Untitled.asm
                     MAIN   0x000009    program     static C:\Users\BRAIN\Desktop\USART ASENKRON ILETISIM\deneme1\Untitled.asm
                    DONGU   0x000015    program     static C:\Users\BRAIN\Desktop\USART ASENKRON ILETISIM\deneme1\Untitled.asm
                LCD_KOMUT   0x000016    program     static C:\Users\BRAIN\Desktop\USART ASENKRON ILETISIM\deneme1\Untitled.asm
           USART_REGISTER   0x00001f    program     static C:\Users\BRAIN\Desktop\USART ASENKRON ILETISIM\deneme1\Untitled.asm
                 VERI_YAZ   0x000032    program     static C:\Users\BRAIN\Desktop\USART ASENKRON ILETISIM\deneme1\Untitled.asm
                KOMUT_YAZ   0x00003a    program     static C:\Users\BRAIN\Desktop\USART ASENKRON ILETISIM\deneme1\Untitled.asm
                  GECIKME   0x000042    program     static C:\Users\BRAIN\Desktop\USART ASENKRON ILETISIM\deneme1\Untitled.asm
                 GECIKME1   0x000044    program     static C:\Users\BRAIN\Desktop\USART ASENKRON ILETISIM\deneme1\Untitled.asm
                 GECIKTIR   0x000046    program     static C:\Users\BRAIN\Desktop\USART ASENKRON ILETISIM\deneme1\Untitled.asm
                      SON   0x00004b    program     static C:\Users\BRAIN\Desktop\USART ASENKRON ILETISIM\deneme1\Untitled.asm


