MPASM  5.51                          ADC8.ASM   11-27-2016  23:18:17         PAGE  1


LOC  OBJECT CODE     LINE SOURCE TEXT
  VALUE

                      00001         LIST P=16F877A
                      00002         #INCLUDE <P16F877A.INC>
                      00001         LIST
                      00002 
                      00003 ;==========================================================================
                      00004 ;  MPASM PIC16F877A processor include
                      00005 ; 
                      00006 ;  (c) Copyright 1999-2013 Microchip Technology, All rights reserved
                      00007 ;==========================================================================
                      00008 
                      00566         LIST
Warning[207]: Found label after column 1. (DEGER)
  00000020            00003         DEGER EQU 0X20
Warning[207]: Found label after column 1. (DEGER2)
  00000021            00004         DEGER2 EQU 0X21
Warning[207]: Found label after column 1. (TEMP)
  00000022            00005         TEMP EQU 0X22
Warning[207]: Found label after column 1. (BIRLER)
  00000023            00006         BIRLER EQU 0X23
Warning[207]: Found label after column 1. (ONLAR)
  00000024            00007         ONLAR EQU 0X24
Warning[207]: Found label after column 1. (YUZLER)
  00000025            00008         YUZLER EQU 0X25
Warning[207]: Found label after column 1. (OKUNAN_DEGER)
  00000026            00009         OKUNAN_DEGER EQU 0X26
0000                  00010         ORG 0X00
0000   2801           00011         GOTO MAIN
0001                  00012 MAIN
0001   1683 1303      00013         BANKSEL TRISB
Message[302]: Register in operand not in bank 0.  Ensure that bank bits are correct.
0003   0186           00014         CLRF TRISB
Message[302]: Register in operand not in bank 0.  Ensure that bank bits are correct.
0004   0187           00015         CLRF TRISC      
                      00016 
0005   1283 1303      00017         BANKSEL ADCON0
0007   30C1           00018         MOVLW B'11000001'
0008   009F           00019         MOVWF ADCON0
                      00020 
0009   1683 1303      00021         BANKSEL ADCON1
000B   3088           00022         MOVLW B'10001000'
Message[302]: Register in operand not in bank 0.  Ensure that bank bits are correct.
000C   009F           00023         MOVWF ADCON1
                      00024 
000D   1683 1303      00025         BANKSEL TRISA
000F   30FF           00026         MOVLW 0XFF
Message[302]: Register in operand not in bank 0.  Ensure that bank bits are correct.
0010   0085           00027         MOVWF TRISA
                      00028 
0011   1283 1303      00029         BANKSEL PORTB
0013   0186           00030         CLRF PORTB
0014   0187           00031         CLRF PORTC
0015   0185           00032         CLRF PORTA
                      00033 
MPASM  5.51                          ADC8.ASM   11-27-2016  23:18:17         PAGE  2


LOC  OBJECT CODE     LINE SOURCE TEXT
  VALUE

0016                  00034 TEMIZLE
0016   3002           00035         MOVLW 0X02
0017   2068           00036         CALL KOMUT_YAZ
0018   300C           00037         MOVLW 0X0C
0019   2068           00038         CALL KOMUT_YAZ
001A   3080           00039         MOVLW 0X80
001B   2068           00040         CALL KOMUT_YAZ
                      00041 
001C                  00042 DONUSTUR
001C   1283 1303      00043         BANKSEL ADCON0
001E   151F           00044         BSF ADCON0,GO
001F   2085           00045         CALL GECIKME
0020                  00046 KONTROL
0020   191F           00047         BTFSC ADCON0,GO
0021   2820           00048         GOTO KONTROL
0022   1683 1303      00049         BANKSEL ADRESL
Message[302]: Register in operand not in bank 0.  Ensure that bank bits are correct.
0024   081E           00050         MOVF ADRESL,W
0025   1283           00051         BCF STATUS,RP0
0026   00A6           00052         MOVWF OKUNAN_DEGER
                      00053                 
0027                  00054 LOOP
                      00055 
0027   204A           00056         CALL OKU
0028   3001           00057         MOVLW 0X01
0029   2068           00058         CALL KOMUT_YAZ
                      00059         
002A   3053           00060         MOVLW A'S'
002B   2075           00061         CALL VERI_YAZ
002C   3049           00062         MOVLW A'I'
002D   2075           00063         CALL VERI_YAZ
002E   3043           00064         MOVLW A'C'
002F   2075           00065         CALL VERI_YAZ
0030   3041           00066         MOVLW A'A'
0031   2075           00067         CALL VERI_YAZ
0032   304B           00068         MOVLW A'K'
0033   2075           00069         CALL VERI_YAZ
0034   304C           00070         MOVLW A'L'
0035   2075           00071         CALL VERI_YAZ
0036   3049           00072         MOVLW A'I'
0037   2075           00073         CALL VERI_YAZ
0038   304B           00074         MOVLW A'K'
0039   2075           00075         CALL VERI_YAZ
003A   303A           00076         MOVLW A':'
003B   2075           00077         CALL VERI_YAZ
003C   0825           00078         MOVF YUZLER,W
003D   2075           00079         CALL VERI_YAZ
003E   0824           00080         MOVF ONLAR,W
003F   2075           00081         CALL VERI_YAZ
0040   0823           00082         MOVF BIRLER,W
0041   2075           00083         CALL VERI_YAZ
0042   3020           00084         MOVLW A' '
0043   2075           00085         CALL VERI_YAZ
MPASM  5.51                          ADC8.ASM   11-27-2016  23:18:17         PAGE  3


LOC  OBJECT CODE     LINE SOURCE TEXT
  VALUE

0044   30DF           00086         MOVLW 0XDF
0045   2075           00087         CALL VERI_YAZ
0046   3043           00088         MOVLW A'C'
0047   2075           00089         CALL VERI_YAZ
0048   2082           00090         CALL GECIKME2
                      00091 
                      00092 
0049   281C           00093         GOTO DONUSTUR
                      00094 
                      00095 
004A                  00096 OKU
004A   01A5           00097         CLRF YUZLER
004B   01A4           00098         CLRF ONLAR
004C   01A3           00099         CLRF BIRLER
004D   0186           00100         CLRF PORTB
                      00101 
004E   0826           00102         MOVF OKUNAN_DEGER,W
004F   1283 1303      00103         BANKSEL PORTC
0051   0087           00104         MOVWF PORTC
0052   00A6           00105         MOVWF OKUNAN_DEGER
                      00106         
                      00107         
0053                  00108 YUZLER_ARTIR
0053   3064           00109         MOVLW D'100'
0054   0226           00110         SUBWF OKUNAN_DEGER,0
0055   1C03           00111         BTFSS STATUS,C
0056   285A           00112         GOTO ONLAR_ARTIR
0057   00A6           00113         MOVWF OKUNAN_DEGER
0058   0AA5           00114         INCF YUZLER,1
0059   2853           00115         GOTO YUZLER_ARTIR
005A                  00116 ONLAR_ARTIR
005A   300A           00117         MOVLW D'10'
005B   0226           00118         SUBWF OKUNAN_DEGER,0
005C   1C03           00119         BTFSS STATUS,C
005D   2861           00120         GOTO BIRLER_ARTIR
005E   00A6           00121         MOVWF OKUNAN_DEGER
005F   0AA4           00122         INCF ONLAR,1
0060   285A           00123         GOTO ONLAR_ARTIR
0061                  00124 BIRLER_ARTIR
0061   0826           00125         MOVF OKUNAN_DEGER,0
0062   00A3           00126         MOVWF BIRLER
                      00127         
0063   3030           00128         MOVLW 0X30
0064   04A5           00129         IORWF YUZLER,F
0065   04A4           00130         IORWF ONLAR,F
0066   04A3           00131         IORWF BIRLER,F
Warning[203]: Found opcode in column 1. (RETURN)
0067   0008           00132 RETURN
                      00133 
                      00134 
0068                  00135 KOMUT_YAZ
0068   00A2           00136         MOVWF TEMP
0069   0E22           00137         SWAPF TEMP,W
MPASM  5.51                          ADC8.ASM   11-27-2016  23:18:17         PAGE  4


LOC  OBJECT CODE     LINE SOURCE TEXT
  VALUE

006A   206E           00138         CALL KOMUT_GONDER
006B   0822           00139         MOVF TEMP,W
006C   206E           00140         CALL KOMUT_GONDER
006D   0008           00141         RETURN
                      00142 
006E                  00143 KOMUT_GONDER
Message[305]: Using default destination of 1 (file).
006E   058F           00144         ANDWF 0X0F
006F   0086           00145         MOVWF PORTB
0070   1206           00146         BCF PORTB,4
0071   1686           00147         BSF PORTB,5
0072   2085           00148         CALL GECIKME
0073   1286           00149         BCF PORTB,5
0074   0008           00150         RETURN
                      00151 
0075                  00152 VERI_YAZ
0075   00A2           00153         MOVWF TEMP
0076   0E22           00154         SWAPF TEMP,W
0077   207B           00155         CALL VERI_GONDER
0078   0822           00156         MOVF TEMP,W
0079   207B           00157         CALL VERI_GONDER
007A   0008           00158         RETURN
                      00159 
007B                  00160 VERI_GONDER
Message[305]: Using default destination of 1 (file).
007B   058F           00161         ANDWF 0X0F
007C   0086           00162         MOVWF PORTB
007D   1606           00163         BSF PORTB,4
007E   1686           00164         BSF PORTB,5
007F   2085           00165         CALL GECIKME
0080   1286           00166         BCF PORTB,5
0081   0008           00167         RETURN
                      00168         
                      00169 
0082                  00170 GECIKME2
0082   30FF           00171         MOVLW 0XFF
0083   00A0           00172         MOVWF DEGER
0084   2887           00173         GOTO DON
0085                  00174 GECIKME
0085   3004           00175         MOVLW 0X04
0086   00A0           00176         MOVWF DEGER
0087                  00177 DON
0087   308F           00178         MOVLW 0X8F
0088   00A1           00179         MOVWF DEGER2
0089                  00180 DON2
0089   0BA1           00181         DECFSZ DEGER2,1
008A   2889           00182         GOTO DON2
008B   0BA0           00183         DECFSZ DEGER,1
008C   2887           00184         GOTO DON
008D   0008           00185         RETURN
Warning[205]: Found directive in column 1. (END)
                      00186 END
MPASM  5.51                          ADC8.ASM   11-27-2016  23:18:17         PAGE  5


SYMBOL TABLE
  LABEL                             VALUE 

ACKDT                             00000005
ACKEN                             00000004
ACKSTAT                           00000006
ADCON0                            0000001F
ADCON1                            0000009F
ADCS0                             00000006
ADCS1                             00000007
ADCS2                             00000006
ADDEN                             00000003
ADFM                              00000007
ADIE                              00000006
ADIF                              00000006
ADON                              00000000
ADRESH                            0000001E
ADRESL                            0000009E
BCLIE                             00000003
BCLIF                             00000003
BF                                00000000
BIRLER                            00000023
BIRLER_ARTIR                      00000061
BRGH                              00000002
C                                 00000000
C1INV                             00000004
C1OUT                             00000006
C2INV                             00000005
C2OUT                             00000007
CCP1CON                           00000017
CCP1IE                            00000002
CCP1IF                            00000002
CCP1M0                            00000000
CCP1M1                            00000001
CCP1M2                            00000002
CCP1M3                            00000003
CCP1X                             00000005
CCP1Y                             00000004
CCP2CON                           0000001D
CCP2IE                            00000000
CCP2IF                            00000000
CCP2M0                            00000000
CCP2M1                            00000001
CCP2M2                            00000002
CCP2M3                            00000003
CCP2X                             00000005
CCP2Y                             00000004
CCPR1                             00000015
CCPR1H                            00000016
CCPR1L                            00000015
CCPR2                             0000001B
CCPR2H                            0000001C
CCPR2L                            0000001B
CHS0                              00000003
CHS1                              00000004
CHS2                              00000005
MPASM  5.51                          ADC8.ASM   11-27-2016  23:18:17         PAGE  6


SYMBOL TABLE
  LABEL                             VALUE 

CIS                               00000003
CKE                               00000006
CKP                               00000004
CM0                               00000000
CM1                               00000001
CM2                               00000002
CMCON                             0000009C
CMIE                              00000006
CMIF                              00000006
CREN                              00000004
CSRC                              00000007
CVR0                              00000000
CVR1                              00000001
CVR2                              00000002
CVR3                              00000003
CVRCON                            0000009D
CVREN                             00000007
CVROE                             00000006
CVRR                              00000005
D                                 00000005
DATA_ADDRESS                      00000005
DC                                00000001
DEGER                             00000020
DEGER2                            00000021
DON                               00000087
DON2                              00000089
DONUSTUR                          0000001C
D_A                               00000005
D_NOT_A                           00000005
EEADR                             0000010D
EEADRH                            0000010F
EECON1                            0000018C
EECON2                            0000018D
EEDATA                            0000010C
EEDATH                            0000010E
EEIE                              00000004
EEIF                              00000004
EEPGD                             00000007
F                                 00000001
FERR                              00000002
FSR                               00000004
GCEN                              00000007
GECIKME                           00000085
GECIKME2                          00000082
GIE                               00000007
GO                                00000002
GO_DONE                           00000002
GO_NOT_DONE                       00000002
I2C_DATA                          00000005
I2C_READ                          00000002
I2C_START                         00000003
I2C_STOP                          00000004
IBF                               00000007
MPASM  5.51                          ADC8.ASM   11-27-2016  23:18:17         PAGE  7


SYMBOL TABLE
  LABEL                             VALUE 

IBOV                              00000005
INDF                              00000000
INTCON                            0000000B
INTE                              00000004
INTEDG                            00000006
INTF                              00000001
IRP                               00000007
KOMUT_GONDER                      0000006E
KOMUT_YAZ                         00000068
KONTROL                           00000020
LOOP                              00000027
MAIN                              00000001
NOT_A                             00000005
NOT_ADDRESS                       00000005
NOT_BO                            00000000
NOT_BOR                           00000000
NOT_DONE                          00000002
NOT_PD                            00000003
NOT_POR                           00000001
NOT_RBPU                          00000007
NOT_RC8                           00000006
NOT_T1SYNC                        00000002
NOT_TO                            00000004
NOT_TX8                           00000006
NOT_W                             00000002
NOT_WRITE                         00000002
OBF                               00000006
OERR                              00000001
OKU                               0000004A
OKUNAN_DEGER                      00000026
ONLAR                             00000024
ONLAR_ARTIR                       0000005A
OPTION_REG                        00000081
P                                 00000004
PCFG0                             00000000
PCFG1                             00000001
PCFG2                             00000002
PCFG3                             00000003
PCL                               00000002
PCLATH                            0000000A
PCON                              0000008E
PEIE                              00000006
PEN                               00000002
PIE1                              0000008C
PIE2                              0000008D
PIR1                              0000000C
PIR2                              0000000D
PORTA                             00000005
PORTB                             00000006
PORTC                             00000007
PORTD                             00000008
PORTE                             00000009
PR2                               00000092
MPASM  5.51                          ADC8.ASM   11-27-2016  23:18:17         PAGE  8


SYMBOL TABLE
  LABEL                             VALUE 

PS0                               00000000
PS1                               00000001
PS2                               00000002
PSA                               00000003
PSPIE                             00000007
PSPIF                             00000007
PSPMODE                           00000004
R                                 00000002
RA0                               00000000
RA1                               00000001
RA2                               00000002
RA3                               00000003
RA4                               00000004
RA5                               00000005
RB0                               00000000
RB1                               00000001
RB2                               00000002
RB3                               00000003
RB4                               00000004
RB5                               00000005
RB6                               00000006
RB7                               00000007
RBIE                              00000003
RBIF                              00000000
RC0                               00000000
RC1                               00000001
RC2                               00000002
RC3                               00000003
RC4                               00000004
RC5                               00000005
RC6                               00000006
RC7                               00000007
RC8_9                             00000006
RC9                               00000006
RCD8                              00000000
RCEN                              00000003
RCIE                              00000005
RCIF                              00000005
RCREG                             0000001A
RCSTA                             00000018
RD                                00000000
RD0                               00000000
RD1                               00000001
RD2                               00000002
RD3                               00000003
RD4                               00000004
RD5                               00000005
RD6                               00000006
RD7                               00000007
RE0                               00000000
RE1                               00000001
RE2                               00000002
READ_WRITE                        00000002
MPASM  5.51                          ADC8.ASM   11-27-2016  23:18:17         PAGE  9


SYMBOL TABLE
  LABEL                             VALUE 

RP0                               00000005
RP1                               00000006
RSEN                              00000001
RX9                               00000006
RX9D                              00000000
R_NOT_W                           00000002
R_W                               00000002
S                                 00000003
SEN                               00000000
SMP                               00000007
SPBRG                             00000099
SPEN                              00000007
SREN                              00000005
SSPADD                            00000093
SSPBUF                            00000013
SSPCON                            00000014
SSPCON2                           00000091
SSPEN                             00000005
SSPIE                             00000003
SSPIF                             00000003
SSPM0                             00000000
SSPM1                             00000001
SSPM2                             00000002
SSPM3                             00000003
SSPOV                             00000006
SSPSTAT                           00000094
STATUS                            00000003
SYNC                              00000004
T0CS                              00000005
T0IE                              00000005
T0IF                              00000002
T0SE                              00000004
T1CKPS0                           00000004
T1CKPS1                           00000005
T1CON                             00000010
T1INSYNC                          00000002
T1OSCEN                           00000003
T1SYNC                            00000002
T2CKPS0                           00000000
T2CKPS1                           00000001
T2CON                             00000012
TEMIZLE                           00000016
TEMP                              00000022
TMR0                              00000001
TMR0IE                            00000005
TMR0IF                            00000002
TMR1                              0000000E
TMR1CS                            00000001
TMR1H                             0000000F
TMR1IE                            00000000
TMR1IF                            00000000
TMR1L                             0000000E
TMR1ON                            00000000
MPASM  5.51                          ADC8.ASM   11-27-2016  23:18:17         PAGE 10


SYMBOL TABLE
  LABEL                             VALUE 

TMR2                              00000011
TMR2IE                            00000001
TMR2IF                            00000001
TMR2ON                            00000002
TOUTPS0                           00000003
TOUTPS1                           00000004
TOUTPS2                           00000005
TOUTPS3                           00000006
TRISA                             00000085
TRISA0                            00000000
TRISA1                            00000001
TRISA2                            00000002
TRISA3                            00000003
TRISA4                            00000004
TRISA5                            00000005
TRISB                             00000086
TRISB0                            00000000
TRISB1                            00000001
TRISB2                            00000002
TRISB3                            00000003
TRISB4                            00000004
TRISB5                            00000005
TRISB6                            00000006
TRISB7                            00000007
TRISC                             00000087
TRISC0                            00000000
TRISC1                            00000001
TRISC2                            00000002
TRISC3                            00000003
TRISC4                            00000004
TRISC5                            00000005
TRISC6                            00000006
TRISC7                            00000007
TRISD                             00000088
TRISD0                            00000000
TRISD1                            00000001
TRISD2                            00000002
TRISD3                            00000003
TRISD4                            00000004
TRISD5                            00000005
TRISD6                            00000006
TRISD7                            00000007
TRISE                             00000089
TRISE0                            00000000
TRISE1                            00000001
TRISE2                            00000002
TRMT                              00000001
TX8_9                             00000006
TX9                               00000006
TX9D                              00000000
TXD8                              00000000
TXEN                              00000005
TXIE                              00000004
MPASM  5.51                          ADC8.ASM   11-27-2016  23:18:17         PAGE 11


SYMBOL TABLE
  LABEL                             VALUE 

TXIF                              00000004
TXREG                             00000019
TXSTA                             00000098
UA                                00000001
VERI_GONDER                       0000007B
VERI_YAZ                          00000075
W                                 00000000
WCOL                              00000007
WR                                00000001
WREN                              00000002
WRERR                             00000003
YUZLER                            00000025
YUZLER_ARTIR                      00000053
Z                                 00000002
_BODEN_OFF                        00003FBF
_BODEN_ON                         00003FFF
_BOREN_OFF                        00003FBF
_BOREN_ON                         00003FFF
_CONFIG                           00002007
_CPD_OFF                          00003FFF
_CPD_ON                           00003EFF
_CP_ALL                           00001FFF
_CP_OFF                           00003FFF
_CP_ON                            00001FFF
_DEBUG_OFF                        00003FFF
_DEBUG_ON                         000037FF
_DEVID1                           00002006
_FOSC_EXTRC                       00003FFF
_FOSC_HS                          00003FFE
_FOSC_LP                          00003FFC
_FOSC_XT                          00003FFD
_HS_OSC                           00003FFE
_IDLOC0                           00002000
_IDLOC1                           00002001
_IDLOC2                           00002002
_IDLOC3                           00002003
_LP_OSC                           00003FFC
_LVP_OFF                          00003F7F
_LVP_ON                           00003FFF
_PWRTE_OFF                        00003FFF
_PWRTE_ON                         00003FF7
_RC_OSC                           00003FFF
_WDTE_OFF                         00003FFB
_WDTE_ON                          00003FFF
_WDT_OFF                          00003FFB
_WDT_ON                           00003FFF
_WRT_1FOURTH                      00003BFF
_WRT_256                          00003DFF
_WRT_HALF                         000039FF
_WRT_OFF                          00003FFF
_XT_OSC                           00003FFD
__16F877A                         00000001
__DEBUG                           1
MPASM  5.51                          ADC8.ASM   11-27-2016  23:18:17         PAGE 12


MEMORY USAGE MAP ('X' = Used,  '-' = Unused)


0000 : XXXXXXXXXXXXXXXX XXXXXXXXXXXXXXXX XXXXXXXXXXXXXXXX XXXXXXXXXXXXXXXX
0040 : XXXXXXXXXXXXXXXX XXXXXXXXXXXXXXXX XXXXXXXXXXXXXXXX XXXXXXXXXXXXXXXX
0080 : XXXXXXXXXXXXXX-- ---------------- ---------------- ----------------

All other memory blocks unused.

Program Memory Words Used:   142
Program Memory Words Free:  8050


Errors   :     0
Warnings :     9 reported,     0 suppressed
Messages :     7 reported,     0 suppressed

