MPASM  5.51                      UNTITLED.ASM   11-6-2018  14:04:01         PAGE  1


LOC  OBJECT CODE     LINE SOURCE TEXT
  VALUE

                      00001 #INCLUDE <P16F877A.INC>
                      00001         LIST
                      00002 
                      00003 ;==========================================================================
                      00004 ;  MPASM PIC16F877A processor include
                      00005 ; 
                      00006 ;  (c) Copyright 1999-2013 Microchip Technology, All rights reserved
                      00007 ;==========================================================================
                      00008 
                      00566         LIST
Warning[205]: Found directive in column 1. (__CONFIG)
2007   3F31           00002 __CONFIG H'3F31'
  00000020            00003 TMRSAYAC EQU 0X20
  00000021            00004 SYC0 EQU 0X21
  00000022            00005 SYC1 EQU 0X22
  00000023            00006 SAYIL EQU 0X23
  00000024            00007 SAYIH EQU 0X24
0000                  00008         ORG 0X00
0000   283F           00009         GOTO MAIN
0004                  00010         ORG 0X04
0004                  00011 KESME
0004   1283 1303      00012         BANKSEL PIR1
0006   100C           00013         BCF PIR1,TMR1IF
0007   303C           00014         MOVLW H'3C'
0008   008F           00015         MOVWF TMR1H
0009   30B0           00016         MOVLW H'B0'
000A   008E           00017         MOVWF TMR1L
000B   0BA0           00018         DECFSZ TMRSAYAC,F
000C   0009           00019         RETFIE
000D   300A           00020         MOVLW D'10'
000E   00A0           00021         MOVWF TMRSAYAC
000F                  00022 ISLE
000F   0823           00023         MOVFW SAYIL
0010   3C0A           00024         SUBLW D'10'
0011   1D03           00025         BTFSS STATUS,Z
0012   281D           00026         GOTO YAK
Message[305]: Using default destination of 1 (file).
0013   0AA4           00027         INCF SAYIH
0014   0824           00028         MOVFW SAYIH
0015   3C09           00029         SUBLW D'9'
0016   1903           00030         BTFSC STATUS,Z
0017   281A           00031         GOTO SIFIRLA
0018   01A3           00032         CLRF SAYIL
0019   0009           00033         RETFIE
001A                  00034 SIFIRLA
001A   01A4           00035         CLRF SAYIH
001B   01A3           00036         CLRF SAYIL
001C   0009           00037         RETFIE
001D                  00038 YAK
001D   3005           00039         MOVLW D'5'
001E   07A3           00040         ADDWF SAYIL,F
001F   0823           00041         MOVFW SAYIL
0020   3C0A           00042         SUBLW D'10'
MPASM  5.51                      UNTITLED.ASM   11-6-2018  14:04:01         PAGE  2


LOC  OBJECT CODE     LINE SOURCE TEXT
  VALUE

0021   1D03           00043         BTFSS STATUS,Z
0022   0009           00044         RETFIE
Message[305]: Using default destination of 1 (file).
0023   0AA4           00045         INCF SAYIH
0024   0824           00046         MOVFW SAYIH
0025   3C09           00047         SUBLW D'9'
0026   1903           00048         BTFSC STATUS,Z
0027   281A           00049         GOTO SIFIRLA
0028   01A3           00050         CLRF SAYIL
0029   0009           00051         RETFIE
002A                  00052 GECIKME
002A   3014           00053         MOVLW D'20'
002B   00A1           00054         MOVWF SYC0
002C                  00055 GECIKME1
002C   30FF           00056         MOVLW D'255'
002D   00A2           00057         MOVWF SYC1
002E                  00058 GECIKTIR
002E   0BA2           00059         DECFSZ SYC1,F
002F   282E           00060         GOTO GECIKTIR
0030   0BA1           00061         DECFSZ SYC0,F
0031   282C           00062         GOTO GECIKME1
0032   0008           00063         RETURN
0033                  00064 LOOKUP
0033   0782           00065         ADDWF PCL,F
0034   34C0           00066         RETLW B'11000000'
0035   34F9           00067         RETLW B'11111001'
0036   34A4           00068         RETLW B'10100100'
0037   34B0           00069         RETLW B'10110000'
0038   3499           00070         RETLW B'10011001'
0039   3492           00071         RETLW B'10010010'
003A   3483           00072         RETLW B'10000011'
003B   34F8           00073         RETLW B'11111000'
003C   3480           00074         RETLW B'10000000'
003D   3498           00075         RETLW B'10011000'
003E   34C0           00076         RETLW B'11000000'
003F                  00077 MAIN
003F   1683 1303      00078         BANKSEL ADCON1
0041   3006           00079         MOVLW D'6'
Message[302]: Register in operand not in bank 0.  Ensure that bank bits are correct.
0042   009F           00080         MOVWF ADCON1
0043   1683 1303      00081         BANKSEL TRISA
Message[302]: Register in operand not in bank 0.  Ensure that bank bits are correct.
0045   0185           00082         CLRF TRISA
Message[302]: Register in operand not in bank 0.  Ensure that bank bits are correct.
0046   0186           00083         CLRF TRISB
0047   1283 1303      00084         BANKSEL PORTA
0049   0185           00085         CLRF PORTA
004A   0186           00086         CLRF PORTB
004B   1283 1303      00087         BANKSEL INTCON
004D   30C0           00088         MOVLW B'11000000'
004E   008B           00089         MOVWF INTCON
004F   1683 1303      00090         BANKSEL PIE1
Message[302]: Register in operand not in bank 0.  Ensure that bank bits are correct.
MPASM  5.51                      UNTITLED.ASM   11-6-2018  14:04:01         PAGE  3


LOC  OBJECT CODE     LINE SOURCE TEXT
  VALUE

0051   140C           00091         BSF PIE1,TMR1IE
0052   1283 1303      00092         BANKSEL PIR1
0054   100C           00093         BCF PIR1,TMR1IF
0055   1283 1303      00094         BANKSEL T1CON
0057   3011           00095         MOVLW B'00010001'
0058   0090           00096         MOVWF T1CON
0059   1283 1303      00097         BANKSEL TMR1H
005B   303C           00098         MOVLW H'3C'
005C   008F           00099         MOVWF TMR1H
005D   30B0           00100         MOVLW H'B0'
005E   008E           00101         MOVWF TMR1L
005F   300A           00102         MOVLW D'10'
0060   00A0           00103         MOVWF TMRSAYAC
                      00104         
0061                  00105 DONGU
0061   1085           00106         BCF PORTA,1
0062   1405           00107         BSF PORTA,0
0063   0824           00108         MOVFW SAYIH
0064   2033           00109         CALL LOOKUP
0065   0086           00110         MOVWF PORTB
0066   202A           00111         CALL GECIKME
0067   1005           00112         BCF PORTA,0
0068   1485           00113         BSF PORTA,1
0069   0823           00114         MOVFW SAYIL
006A   2033           00115         CALL LOOKUP
006B   0086           00116         MOVWF PORTB
006C   202A           00117         CALL GECIKME
006D   2861           00118         GOTO DONGU
                      00119         END
MPASM  5.51                      UNTITLED.ASM   11-6-2018  14:04:01         PAGE  4


SYMBOL TABLE
  LABEL                             VALUE 

ACKDT                             00000005
ACKEN                             00000004
ACKSTAT                           00000006
ADCON0                            0000001F
ADCON1                            0000009F
ADCS0                             00000006
ADCS1                             00000007
ADCS2                             00000006
ADDEN                             00000003
ADFM                              00000007
ADIE                              00000006
ADIF                              00000006
ADON                              00000000
ADRESH                            0000001E
ADRESL                            0000009E
BCLIE                             00000003
BCLIF                             00000003
BF                                00000000
BRGH                              00000002
C                                 00000000
C1INV                             00000004
C1OUT                             00000006
C2INV                             00000005
C2OUT                             00000007
CCP1CON                           00000017
CCP1IE                            00000002
CCP1IF                            00000002
CCP1M0                            00000000
CCP1M1                            00000001
CCP1M2                            00000002
CCP1M3                            00000003
CCP1X                             00000005
CCP1Y                             00000004
CCP2CON                           0000001D
CCP2IE                            00000000
CCP2IF                            00000000
CCP2M0                            00000000
CCP2M1                            00000001
CCP2M2                            00000002
CCP2M3                            00000003
CCP2X                             00000005
CCP2Y                             00000004
CCPR1                             00000015
CCPR1H                            00000016
CCPR1L                            00000015
CCPR2                             0000001B
CCPR2H                            0000001C
CCPR2L                            0000001B
CHS0                              00000003
CHS1                              00000004
CHS2                              00000005
CIS                               00000003
CKE                               00000006
MPASM  5.51                      UNTITLED.ASM   11-6-2018  14:04:01         PAGE  5


SYMBOL TABLE
  LABEL                             VALUE 

CKP                               00000004
CM0                               00000000
CM1                               00000001
CM2                               00000002
CMCON                             0000009C
CMIE                              00000006
CMIF                              00000006
CREN                              00000004
CSRC                              00000007
CVR0                              00000000
CVR1                              00000001
CVR2                              00000002
CVR3                              00000003
CVRCON                            0000009D
CVREN                             00000007
CVROE                             00000006
CVRR                              00000005
D                                 00000005
DATA_ADDRESS                      00000005
DC                                00000001
DONGU                             00000061
D_A                               00000005
D_NOT_A                           00000005
EEADR                             0000010D
EEADRH                            0000010F
EECON1                            0000018C
EECON2                            0000018D
EEDATA                            0000010C
EEDATH                            0000010E
EEIE                              00000004
EEIF                              00000004
EEPGD                             00000007
F                                 00000001
FERR                              00000002
FSR                               00000004
GCEN                              00000007
GECIKME                           0000002A
GECIKME1                          0000002C
GECIKTIR                          0000002E
GIE                               00000007
GO                                00000002
GO_DONE                           00000002
GO_NOT_DONE                       00000002
I2C_DATA                          00000005
I2C_READ                          00000002
I2C_START                         00000003
I2C_STOP                          00000004
IBF                               00000007
IBOV                              00000005
INDF                              00000000
INTCON                            0000000B
INTE                              00000004
INTEDG                            00000006
MPASM  5.51                      UNTITLED.ASM   11-6-2018  14:04:01         PAGE  6


SYMBOL TABLE
  LABEL                             VALUE 

INTF                              00000001
IRP                               00000007
ISLE                              0000000F
KESME                             00000004
LOOKUP                            00000033
MAIN                              0000003F
NOT_A                             00000005
NOT_ADDRESS                       00000005
NOT_BO                            00000000
NOT_BOR                           00000000
NOT_DONE                          00000002
NOT_PD                            00000003
NOT_POR                           00000001
NOT_RBPU                          00000007
NOT_RC8                           00000006
NOT_T1SYNC                        00000002
NOT_TO                            00000004
NOT_TX8                           00000006
NOT_W                             00000002
NOT_WRITE                         00000002
OBF                               00000006
OERR                              00000001
OPTION_REG                        00000081
P                                 00000004
PCFG0                             00000000
PCFG1                             00000001
PCFG2                             00000002
PCFG3                             00000003
PCL                               00000002
PCLATH                            0000000A
PCON                              0000008E
PEIE                              00000006
PEN                               00000002
PIE1                              0000008C
PIE2                              0000008D
PIR1                              0000000C
PIR2                              0000000D
PORTA                             00000005
PORTB                             00000006
PORTC                             00000007
PORTD                             00000008
PORTE                             00000009
PR2                               00000092
PS0                               00000000
PS1                               00000001
PS2                               00000002
PSA                               00000003
PSPIE                             00000007
PSPIF                             00000007
PSPMODE                           00000004
R                                 00000002
RA0                               00000000
RA1                               00000001
MPASM  5.51                      UNTITLED.ASM   11-6-2018  14:04:01         PAGE  7


SYMBOL TABLE
  LABEL                             VALUE 

RA2                               00000002
RA3                               00000003
RA4                               00000004
RA5                               00000005
RB0                               00000000
RB1                               00000001
RB2                               00000002
RB3                               00000003
RB4                               00000004
RB5                               00000005
RB6                               00000006
RB7                               00000007
RBIE                              00000003
RBIF                              00000000
RC0                               00000000
RC1                               00000001
RC2                               00000002
RC3                               00000003
RC4                               00000004
RC5                               00000005
RC6                               00000006
RC7                               00000007
RC8_9                             00000006
RC9                               00000006
RCD8                              00000000
RCEN                              00000003
RCIE                              00000005
RCIF                              00000005
RCREG                             0000001A
RCSTA                             00000018
RD                                00000000
RD0                               00000000
RD1                               00000001
RD2                               00000002
RD3                               00000003
RD4                               00000004
RD5                               00000005
RD6                               00000006
RD7                               00000007
RE0                               00000000
RE1                               00000001
RE2                               00000002
READ_WRITE                        00000002
RP0                               00000005
RP1                               00000006
RSEN                              00000001
RX9                               00000006
RX9D                              00000000
R_NOT_W                           00000002
R_W                               00000002
S                                 00000003
SAYIH                             00000024
SAYIL                             00000023
MPASM  5.51                      UNTITLED.ASM   11-6-2018  14:04:01         PAGE  8


SYMBOL TABLE
  LABEL                             VALUE 

SEN                               00000000
SIFIRLA                           0000001A
SMP                               00000007
SPBRG                             00000099
SPEN                              00000007
SREN                              00000005
SSPADD                            00000093
SSPBUF                            00000013
SSPCON                            00000014
SSPCON2                           00000091
SSPEN                             00000005
SSPIE                             00000003
SSPIF                             00000003
SSPM0                             00000000
SSPM1                             00000001
SSPM2                             00000002
SSPM3                             00000003
SSPOV                             00000006
SSPSTAT                           00000094
STATUS                            00000003
SYC0                              00000021
SYC1                              00000022
SYNC                              00000004
T0CS                              00000005
T0IE                              00000005
T0IF                              00000002
T0SE                              00000004
T1CKPS0                           00000004
T1CKPS1                           00000005
T1CON                             00000010
T1INSYNC                          00000002
T1OSCEN                           00000003
T1SYNC                            00000002
T2CKPS0                           00000000
T2CKPS1                           00000001
T2CON                             00000012
TMR0                              00000001
TMR0IE                            00000005
TMR0IF                            00000002
TMR1                              0000000E
TMR1CS                            00000001
TMR1H                             0000000F
TMR1IE                            00000000
TMR1IF                            00000000
TMR1L                             0000000E
TMR1ON                            00000000
TMR2                              00000011
TMR2IE                            00000001
TMR2IF                            00000001
TMR2ON                            00000002
TMRSAYAC                          00000020
TOUTPS0                           00000003
TOUTPS1                           00000004
MPASM  5.51                      UNTITLED.ASM   11-6-2018  14:04:01         PAGE  9


SYMBOL TABLE
  LABEL                             VALUE 

TOUTPS2                           00000005
TOUTPS3                           00000006
TRISA                             00000085
TRISA0                            00000000
TRISA1                            00000001
TRISA2                            00000002
TRISA3                            00000003
TRISA4                            00000004
TRISA5                            00000005
TRISB                             00000086
TRISB0                            00000000
TRISB1                            00000001
TRISB2                            00000002
TRISB3                            00000003
TRISB4                            00000004
TRISB5                            00000005
TRISB6                            00000006
TRISB7                            00000007
TRISC                             00000087
TRISC0                            00000000
TRISC1                            00000001
TRISC2                            00000002
TRISC3                            00000003
TRISC4                            00000004
TRISC5                            00000005
TRISC6                            00000006
TRISC7                            00000007
TRISD                             00000088
TRISD0                            00000000
TRISD1                            00000001
TRISD2                            00000002
TRISD3                            00000003
TRISD4                            00000004
TRISD5                            00000005
TRISD6                            00000006
TRISD7                            00000007
TRISE                             00000089
TRISE0                            00000000
TRISE1                            00000001
TRISE2                            00000002
TRMT                              00000001
TX8_9                             00000006
TX9                               00000006
TX9D                              00000000
TXD8                              00000000
TXEN                              00000005
TXIE                              00000004
TXIF                              00000004
TXREG                             00000019
TXSTA                             00000098
UA                                00000001
W                                 00000000
WCOL                              00000007
MPASM  5.51                      UNTITLED.ASM   11-6-2018  14:04:01         PAGE 10


SYMBOL TABLE
  LABEL                             VALUE 

WR                                00000001
WREN                              00000002
WRERR                             00000003
YAK                               0000001D
Z                                 00000002
_BODEN_OFF                        00003FBF
_BODEN_ON                         00003FFF
_BOREN_OFF                        00003FBF
_BOREN_ON                         00003FFF
_CONFIG                           00002007
_CPD_OFF                          00003FFF
_CPD_ON                           00003EFF
_CP_ALL                           00001FFF
_CP_OFF                           00003FFF
_CP_ON                            00001FFF
_DEBUG_OFF                        00003FFF
_DEBUG_ON                         000037FF
_DEVID1                           00002006
_FOSC_EXTRC                       00003FFF
_FOSC_HS                          00003FFE
_FOSC_LP                          00003FFC
_FOSC_XT                          00003FFD
_HS_OSC                           00003FFE
_IDLOC0                           00002000
_IDLOC1                           00002001
_IDLOC2                           00002002
_IDLOC3                           00002003
_LP_OSC                           00003FFC
_LVP_OFF                          00003F7F
_LVP_ON                           00003FFF
_PWRTE_OFF                        00003FFF
_PWRTE_ON                         00003FF7
_RC_OSC                           00003FFF
_WDTE_OFF                         00003FFB
_WDTE_ON                          00003FFF
_WDT_OFF                          00003FFB
_WDT_ON                           00003FFF
_WRT_1FOURTH                      00003BFF
_WRT_256                          00003DFF
_WRT_HALF                         000039FF
_WRT_OFF                          00003FFF
_XT_OSC                           00003FFD
__16F877A                         00000001
__DEBUG                           1
MPASM  5.51                      UNTITLED.ASM   11-6-2018  14:04:01         PAGE 11


MEMORY USAGE MAP ('X' = Used,  '-' = Unused)


0000 : X---XXXXXXXXXXXX XXXXXXXXXXXXXXXX XXXXXXXXXXXXXXXX XXXXXXXXXXXXXXXX
0040 : XXXXXXXXXXXXXXXX XXXXXXXXXXXXXXXX XXXXXXXXXXXXXX-- ----------------
2000 : -------X-------- ---------------- ---------------- ----------------

All other memory blocks unused.

Program Memory Words Used:   107
Program Memory Words Free:  8085


Errors   :     0
Warnings :     1 reported,     0 suppressed
Messages :     6 reported,     0 suppressed

