MPLINK 4.49, Linker
Linker Map File - Created Tue Nov 06 14:04:02 2018

                                 Section Info
                  Section       Type    Address   Location Size(Bytes)
                ---------  ---------  ---------  ---------  ---------
                   .org_0       code   0x000000    program   0x000000
                   .org_1       code   0x000000    program   0x000002
                   .org_2       code   0x000004    program   0x0000d4
  .config_2007_UNTITLED.O       code   0x002007    program   0x000002



                              Program Memory Usage 
                               Start         End      
                           ---------   ---------      
                            0x000000    0x000000      
                            0x000004    0x00006d      
                            0x002007    0x002007      
            108 out of 8454 program addresses used, program memory utilization is 1%



                              Symbols - Sorted by Name
                     Name    Address   Location    Storage File                     
                ---------  ---------  ---------  --------- ---------                
                    DONGU   0x000061    program     static C:\Users\PERFECT\Desktop\CALISMA\7SEG-DISPLAY-SANIYE-GOSTERME\Untitled.asm
                  GECIKME   0x00002a    program     static C:\Users\PERFECT\Desktop\CALISMA\7SEG-DISPLAY-SANIYE-GOSTERME\Untitled.asm
                 GECIKME1   0x00002c    program     static C:\Users\PERFECT\Desktop\CALISMA\7SEG-DISPLAY-SANIYE-GOSTERME\Untitled.asm
                 GECIKTIR   0x00002e    program     static C:\Users\PERFECT\Desktop\CALISMA\7SEG-DISPLAY-SANIYE-GOSTERME\Untitled.asm
                     ISLE   0x00000f    program     static C:\Users\PERFECT\Desktop\CALISMA\7SEG-DISPLAY-SANIYE-GOSTERME\Untitled.asm
                    KESME   0x000004    program     static C:\Users\PERFECT\Desktop\CALISMA\7SEG-DISPLAY-SANIYE-GOSTERME\Untitled.asm
                   LOOKUP   0x000033    program     static C:\Users\PERFECT\Desktop\CALISMA\7SEG-DISPLAY-SANIYE-GOSTERME\Untitled.asm
                     MAIN   0x00003f    program     static C:\Users\PERFECT\Desktop\CALISMA\7SEG-DISPLAY-SANIYE-GOSTERME\Untitled.asm
                  SIFIRLA   0x00001a    program     static C:\Users\PERFECT\Desktop\CALISMA\7SEG-DISPLAY-SANIYE-GOSTERME\Untitled.asm
                      YAK   0x00001d    program     static C:\Users\PERFECT\Desktop\CALISMA\7SEG-DISPLAY-SANIYE-GOSTERME\Untitled.asm



                              Symbols - Sorted by Address
                     Name    Address   Location    Storage File                     
                ---------  ---------  ---------  --------- ---------                
                    KESME   0x000004    program     static C:\Users\PERFECT\Desktop\CALISMA\7SEG-DISPLAY-SANIYE-GOSTERME\Untitled.asm
                     ISLE   0x00000f    program     static C:\Users\PERFECT\Desktop\CALISMA\7SEG-DISPLAY-SANIYE-GOSTERME\Untitled.asm
                  SIFIRLA   0x00001a    program     static C:\Users\PERFECT\Desktop\CALISMA\7SEG-DISPLAY-SANIYE-GOSTERME\Untitled.asm
                      YAK   0x00001d    program     static C:\Users\PERFECT\Desktop\CALISMA\7SEG-DISPLAY-SANIYE-GOSTERME\Untitled.asm
                  GECIKME   0x00002a    program     static C:\Users\PERFECT\Desktop\CALISMA\7SEG-DISPLAY-SANIYE-GOSTERME\Untitled.asm
                 GECIKME1   0x00002c    program     static C:\Users\PERFECT\Desktop\CALISMA\7SEG-DISPLAY-SANIYE-GOSTERME\Untitled.asm
                 GECIKTIR   0x00002e    program     static C:\Users\PERFECT\Desktop\CALISMA\7SEG-DISPLAY-SANIYE-GOSTERME\Untitled.asm
                   LOOKUP   0x000033    program     static C:\Users\PERFECT\Desktop\CALISMA\7SEG-DISPLAY-SANIYE-GOSTERME\Untitled.asm
                     MAIN   0x00003f    program     static C:\Users\PERFECT\Desktop\CALISMA\7SEG-DISPLAY-SANIYE-GOSTERME\Untitled.asm
                    DONGU   0x000061    program     static C:\Users\PERFECT\Desktop\CALISMA\7SEG-DISPLAY-SANIYE-GOSTERME\Untitled.asm


