MPLINK 4.49, Linker
Linker Map File - Created Tue Dec 18 01:00:18 2018

                                 Section Info
                  Section       Type    Address   Location Size(Bytes)
                ---------  ---------  ---------  ---------  ---------
                   .org_0       code   0x000000    program   0x000040
                   .cinit    romdata   0x000020    program   0x000004



                              Program Memory Usage 
                               Start         End      
                           ---------   ---------      
                            0x000000    0x000021      
            34 out of 8454 program addresses used, program memory utilization is 0%



                              Symbols - Sorted by Name
                     Name    Address   Location    Storage File                     
                ---------  ---------  ---------  --------- ---------                
                  KONTROL   0x000014    program     static C:\Users\BRAIN\Desktop\deneme\USARTA_GIRILEN_KARAKTERIN_ASCII_KARSILIGI_PORTD_YAZ\MADEIN_TAHTALI_REIS.asm
                     MAIN   0x000000    program     static C:\Users\BRAIN\Desktop\deneme\USARTA_GIRILEN_KARAKTERIN_ASCII_KARSILIGI_PORTD_YAZ\MADEIN_TAHTALI_REIS.asm
                      YAZ   0x00001d    program     static C:\Users\BRAIN\Desktop\deneme\USARTA_GIRILEN_KARAKTERIN_ASCII_KARSILIGI_PORTD_YAZ\MADEIN_TAHTALI_REIS.asm



                              Symbols - Sorted by Address
                     Name    Address   Location    Storage File                     
                ---------  ---------  ---------  --------- ---------                
                     MAIN   0x000000    program     static C:\Users\BRAIN\Desktop\deneme\USARTA_GIRILEN_KARAKTERIN_ASCII_KARSILIGI_PORTD_YAZ\MADEIN_TAHTALI_REIS.asm
                  KONTROL   0x000014    program     static C:\Users\BRAIN\Desktop\deneme\USARTA_GIRILEN_KARAKTERIN_ASCII_KARSILIGI_PORTD_YAZ\MADEIN_TAHTALI_REIS.asm
                      YAZ   0x00001d    program     static C:\Users\BRAIN\Desktop\deneme\USARTA_GIRILEN_KARAKTERIN_ASCII_KARSILIGI_PORTD_YAZ\MADEIN_TAHTALI_REIS.asm


