MPLINK 4.49, Linker
Linker Map File - Created Mon Nov 19 17:24:52 2018

                                 Section Info
                  Section       Type    Address   Location Size(Bytes)
                ---------  ---------  ---------  ---------  ---------
                   .org_0       code   0x000000    program   0x000000
                   .org_1       code   0x000000    program   0x000002
                   .org_2       code   0x000004    program   0x00007c



                              Program Memory Usage 
                               Start         End      
                           ---------   ---------      
                            0x000000    0x000000      
                            0x000004    0x000041      
            63 out of 8454 program addresses used, program memory utilization is 0%



                              Symbols - Sorted by Name
                     Name    Address   Location    Storage File                     
                ---------  ---------  ---------  --------- ---------                
                  GECIKME   0x000039    program     static C:\Users\BRAIN\Desktop\CALISMA\ADC_KESME\Untitled.asm
                 GECIKME1   0x00003b    program     static C:\Users\BRAIN\Desktop\CALISMA\ADC_KESME\Untitled.asm
                 GECIKTIR   0x00003d    program     static C:\Users\BRAIN\Desktop\CALISMA\ADC_KESME\Untitled.asm
                    KESME   0x000004    program     static C:\Users\BRAIN\Desktop\CALISMA\ADC_KESME\Untitled.asm
                     MAIN   0x000018    program     static C:\Users\BRAIN\Desktop\CALISMA\ADC_KESME\Untitled.asm
             SONSUZ_DONGU   0x000038    program     static C:\Users\BRAIN\Desktop\CALISMA\ADC_KESME\Untitled.asm



                              Symbols - Sorted by Address
                     Name    Address   Location    Storage File                     
                ---------  ---------  ---------  --------- ---------                
                    KESME   0x000004    program     static C:\Users\BRAIN\Desktop\CALISMA\ADC_KESME\Untitled.asm
                     MAIN   0x000018    program     static C:\Users\BRAIN\Desktop\CALISMA\ADC_KESME\Untitled.asm
             SONSUZ_DONGU   0x000038    program     static C:\Users\BRAIN\Desktop\CALISMA\ADC_KESME\Untitled.asm
                  GECIKME   0x000039    program     static C:\Users\BRAIN\Desktop\CALISMA\ADC_KESME\Untitled.asm
                 GECIKME1   0x00003b    program     static C:\Users\BRAIN\Desktop\CALISMA\ADC_KESME\Untitled.asm
                 GECIKTIR   0x00003d    program     static C:\Users\BRAIN\Desktop\CALISMA\ADC_KESME\Untitled.asm


