MPLINK 4.40, Linker
Linker Map File - Created Tue Dec 27 02:51:14 2011

                                 Section Info
                  Section       Type    Address   Location Size(Bytes)
                ---------  ---------  ---------  ---------  ---------
                   .org_0       code   0x000000    program   0x000000
                   .org_1       code   0x000000    program   0x000004
                   .org_2       code   0x000004    program   0x000090



                              Program Memory Usage 
                               Start         End      
                           ---------   ---------      
                            0x000000    0x000001      
                            0x000004    0x00004b      
            74 out of 8454 program addresses used, program memory utilization is 0%



                              Symbols - Sorted by Name
                     Name    Address   Location    Storage File                     
                ---------  ---------  ---------  --------- ---------                
                    Cikis   0x000021    program     static C:\Users\Google\Desktop\13_EEPROM_Yazma_Okuma_Kesmeli\ODEV_7A.asm
                    Devam   0x000011    program     static C:\Users\Google\Desktop\13_EEPROM_Yazma_Okuma_Kesmeli\ODEV_7A.asm
                    Dongu   0x000049    program     static C:\Users\Google\Desktop\13_EEPROM_Yazma_Okuma_Kesmeli\ODEV_7A.asm
                    Kesme   0x000004    program     static C:\Users\Google\Desktop\13_EEPROM_Yazma_Okuma_Kesmeli\ODEV_7A.asm
              Okuma_Ayari   0x000013    program     static C:\Users\Google\Desktop\13_EEPROM_Yazma_Okuma_Kesmeli\ODEV_7A.asm
              Yazma_Ayari   0x000033    program     static C:\Users\Google\Desktop\13_EEPROM_Yazma_Okuma_Kesmeli\ODEV_7A.asm
              ana_program   0x000024    program     static C:\Users\Google\Desktop\13_EEPROM_Yazma_Okuma_Kesmeli\ODEV_7A.asm



                              Symbols - Sorted by Address
                     Name    Address   Location    Storage File                     
                ---------  ---------  ---------  --------- ---------                
                    Kesme   0x000004    program     static C:\Users\Google\Desktop\13_EEPROM_Yazma_Okuma_Kesmeli\ODEV_7A.asm
                    Devam   0x000011    program     static C:\Users\Google\Desktop\13_EEPROM_Yazma_Okuma_Kesmeli\ODEV_7A.asm
              Okuma_Ayari   0x000013    program     static C:\Users\Google\Desktop\13_EEPROM_Yazma_Okuma_Kesmeli\ODEV_7A.asm
                    Cikis   0x000021    program     static C:\Users\Google\Desktop\13_EEPROM_Yazma_Okuma_Kesmeli\ODEV_7A.asm
              ana_program   0x000024    program     static C:\Users\Google\Desktop\13_EEPROM_Yazma_Okuma_Kesmeli\ODEV_7A.asm
              Yazma_Ayari   0x000033    program     static C:\Users\Google\Desktop\13_EEPROM_Yazma_Okuma_Kesmeli\ODEV_7A.asm
                    Dongu   0x000049    program     static C:\Users\Google\Desktop\13_EEPROM_Yazma_Okuma_Kesmeli\ODEV_7A.asm


