MPASM  5.51              LCD_DISPLAY_ISIM.ASM   11-18-2016  23:55:25         PAGE  1


LOC  OBJECT CODE     LINE SOURCE TEXT
  VALUE

                      00001         LIST P=16F877A
                      00002         #INCLUDE <P16F877A.INC>
                      00001         LIST
                      00002 
                      00003 ;==========================================================================
                      00004 ;  MPASM PIC16F877A processor include
                      00005 ; 
                      00006 ;  (c) Copyright 1999-2013 Microchip Technology, All rights reserved
                      00007 ;==========================================================================
                      00008 
                      00566         LIST
Warning[207]: Found label after column 1. (TEMP)
  00000020            00003         TEMP EQU 0X20
Warning[207]: Found label after column 1. (DEGER)
  00000021            00004         DEGER EQU 0X21
Warning[207]: Found label after column 1. (DEGER2)
  00000022            00005         DEGER2 EQU 0X22
Warning[207]: Found label after column 1. (SUTUN)
  00000023            00006         SUTUN EQU 0X23
Warning[207]: Found label after column 1. (SAYAC)
  00000024            00007         SAYAC EQU 0X24
Warning[207]: Found label after column 1. (SUTUN2)
  00000025            00008         SUTUN2 EQU 0X25
Warning[207]: Found label after column 1. (SATIR2_SAYAC)
  00000026            00009         SATIR2_SAYAC EQU 0X26
Warning[207]: Found label after column 1. (KONTROL)
  00000027            00010         KONTROL EQU 0X27
0000                  00011         ORG 0X00
0000   2801           00012         GOTO MAIN
0001                  00013 MAIN
0001   1683 1303      00014         BANKSEL TRISB
Message[302]: Register in operand not in bank 0.  Ensure that bank bits are correct.
0003   0186           00015         CLRF TRISB
0004   1283 1303      00016         BANKSEL PORTB
0006   0186           00017         CLRF PORTB
0007   3080           00018         MOVLW 0X80
0008   00A3           00019         MOVWF SUTUN
0009   300C           00020         MOVLW 0X0C
000A   00A4           00021         MOVWF SAYAC
000B   30C0           00022         MOVLW 0XC0
000C   00A5           00023         MOVWF SUTUN2
000D   300F           00024         MOVLW 0X0F
000E   00A6           00025         MOVWF SATIR2_SAYAC
000F   01A7           00026         CLRF KONTROL
0010   202C           00027         CALL TEMIZLE
0011                  00028 LOOP
0011   0BA4           00029         DECFSZ SAYAC,F
0012   2816           00030         GOTO ILERI
0013   300C           00031         MOVLW 0X0C
0014   00A4           00032         MOVWF SAYAC
0015   2818           00033         GOTO GERI
0016                  00034 ILERI
0016   0AA3           00035         INCF SUTUN,F
MPASM  5.51              LCD_DISPLAY_ISIM.ASM   11-18-2016  23:55:25         PAGE  2


LOC  OBJECT CODE     LINE SOURCE TEXT
  VALUE

0017   281A           00036         GOTO D1
0018                  00037 GERI
0018   03A3           00038         DECF SUTUN,F
0019   2821           00039         GOTO D2
001A                  00040 D1      
001A   3001           00041         MOVLW 0X01
001B   2037           00042         CALL KOMUT_YAZ
001C   0823           00043         MOVF SUTUN,W
001D   2037           00044         CALL KOMUT_YAZ
001E   2046           00045         CALL KARAKTER_GIR
001F   2076           00046         CALL GECIKME2
0020   2811           00047         GOTO LOOP
0021                  00048 D2
0021   3001           00049         MOVLW 0X01
0022   2037           00050         CALL KOMUT_YAZ
0023   0823           00051         MOVF SUTUN,W
0024   2037           00052         CALL KOMUT_YAZ
0025   2046           00053         CALL KARAKTER_GIR
0026   2076           00054         CALL GECIKME2
0027   0BA4           00055         DECFSZ SAYAC,F
0028   2818           00056         GOTO GERI
0029   300C           00057         MOVLW 0X0C
002A   00A4           00058         MOVWF SAYAC
002B   2816           00059         GOTO ILERI
002C                  00060 TEMIZLE
002C   3002           00061         MOVLW 0X02
002D   2037           00062         CALL KOMUT_YAZ
002E   3001           00063         MOVLW 0X01
002F   2037           00064         CALL KOMUT_YAZ
0030   300C           00065         MOVLW 0X0C
0031   2037           00066         CALL KOMUT_YAZ
0032   3028           00067         MOVLW 0X28
0033   2037           00068         CALL KOMUT_YAZ
0034   3080           00069         MOVLW 0X80
0035   2037           00070         CALL KOMUT_YAZ
0036   0008           00071         RETURN
0037                  00072 KOMUT_YAZ
0037   00A0           00073         MOVWF TEMP
0038   0E20           00074         SWAPF TEMP,W
0039   203D           00075         CALL KOMUT_GONDER
003A   0820           00076         MOVF TEMP,W
003B   203D           00077         CALL KOMUT_GONDER
003C   0008           00078         RETURN
                      00079 
003D                  00080 KOMUT_GONDER
003D   390F           00081         ANDLW 0X0F
003E   1283 1303      00082         BANKSEL PORTB
0040   0086           00083         MOVWF PORTB
0041   1206           00084         BCF PORTB,4
0042   1686           00085         BSF PORTB,5
0043   2079           00086         CALL GECIKME
0044   1286           00087         BCF PORTB,5
0045   0008           00088         RETURN
MPASM  5.51              LCD_DISPLAY_ISIM.ASM   11-18-2016  23:55:25         PAGE  3


LOC  OBJECT CODE     LINE SOURCE TEXT
  VALUE

0046                  00089 KARAKTER_GIR
0046   3059           00090         MOVLW 'Y'
0047   2067           00091         CALL KARAKTER_YAZ
0048   3055           00092         MOVLW 'U'
0049   2067           00093         CALL KARAKTER_YAZ
004A   3043           00094         MOVLW 'C'
004B   2067           00095         CALL KARAKTER_YAZ
004C   3045           00096         MOVLW 'E'
004D   2067           00097         CALL KARAKTER_YAZ
004E   304C           00098         MOVLW 'L'
004F   2067           00099         CALL KARAKTER_YAZ
0050   2056           00100         CALL SATIR2
0051   3041           00101         MOVLW 'A'
0052   2067           00102         CALL KARAKTER_YAZ
0053   3059           00103         MOVLW 'Y'
0054   2067           00104         CALL KARAKTER_YAZ
0055   0008           00105         RETURN
0056                  00106 SATIR2
0056   0BA6           00107         DECFSZ SATIR2_SAYAC,F
0057   285C           00108         GOTO D8
0058   300F           00109         MOVLW 0X0F
0059   06A7           00110         XORWF KONTROL,F
005A   300E           00111         MOVLW 0X0E
005B   00A6           00112         MOVWF SATIR2_SAYAC
005C                  00113 D8
005C   1C27           00114         BTFSS KONTROL,0
005D   285F           00115         GOTO SATIR2_ILERI
005E   2863           00116         GOTO SATIR2_GERI
005F                  00117 SATIR2_ILERI
005F   0AA5           00118         INCF SUTUN2,F
0060   0825           00119         MOVF SUTUN2,W
0061   2037           00120         CALL KOMUT_YAZ
0062   0008           00121         RETURN
0063                  00122 SATIR2_GERI
0063   03A5           00123         DECF SUTUN2,F
0064   0825           00124         MOVF SUTUN2,W
0065   2037           00125         CALL KOMUT_YAZ
0066   0008           00126         RETURN
0067                  00127 KARAKTER_YAZ
0067   00A0           00128         MOVWF TEMP
0068   0E20           00129         SWAPF TEMP,W
0069   206D           00130         CALL KARAKTER_GONDER
006A   0820           00131         MOVF TEMP,W
006B   206D           00132         CALL KARAKTER_GONDER
006C   0008           00133         RETURN
006D                  00134 KARAKTER_GONDER
006D   390F           00135         ANDLW 0X0F
006E   0086           00136         MOVWF PORTB
006F   1283 1303      00137         BANKSEL PORTB
0071   1606           00138         BSF PORTB,4
0072   1686           00139         BSF PORTB,5
0073   2079           00140         CALL GECIKME
0074   1286           00141         BCF PORTB,5
MPASM  5.51              LCD_DISPLAY_ISIM.ASM   11-18-2016  23:55:25         PAGE  4


LOC  OBJECT CODE     LINE SOURCE TEXT
  VALUE

0075   0008           00142         RETURN
0076                  00143 GECIKME2
0076   30FF           00144         MOVLW 0XFF
0077   00A1           00145         MOVWF DEGER
0078   287B           00146         GOTO DONGU
0079                  00147 GECIKME
0079   3004           00148         MOVLW 0X04
007A   00A1           00149         MOVWF DEGER
007B                  00150 DONGU
007B   30FF           00151         MOVLW 0XFF
007C   00A2           00152         MOVWF DEGER2
007D                  00153 DONGU2
007D   0BA2           00154         DECFSZ DEGER2,F
007E   287D           00155         GOTO DONGU2
007F   0BA1           00156         DECFSZ DEGER,F
0080   287B           00157         GOTO DONGU
0081   0008           00158         RETURN
Warning[205]: Found directive in column 1. (END)
                      00159 END
MPASM  5.51              LCD_DISPLAY_ISIM.ASM   11-18-2016  23:55:25         PAGE  5


SYMBOL TABLE
  LABEL                             VALUE 

ACKDT                             00000005
ACKEN                             00000004
ACKSTAT                           00000006
ADCON0                            0000001F
ADCON1                            0000009F
ADCS0                             00000006
ADCS1                             00000007
ADCS2                             00000006
ADDEN                             00000003
ADFM                              00000007
ADIE                              00000006
ADIF                              00000006
ADON                              00000000
ADRESH                            0000001E
ADRESL                            0000009E
BCLIE                             00000003
BCLIF                             00000003
BF                                00000000
BRGH                              00000002
C                                 00000000
C1INV                             00000004
C1OUT                             00000006
C2INV                             00000005
C2OUT                             00000007
CCP1CON                           00000017
CCP1IE                            00000002
CCP1IF                            00000002
CCP1M0                            00000000
CCP1M1                            00000001
CCP1M2                            00000002
CCP1M3                            00000003
CCP1X                             00000005
CCP1Y                             00000004
CCP2CON                           0000001D
CCP2IE                            00000000
CCP2IF                            00000000
CCP2M0                            00000000
CCP2M1                            00000001
CCP2M2                            00000002
CCP2M3                            00000003
CCP2X                             00000005
CCP2Y                             00000004
CCPR1                             00000015
CCPR1H                            00000016
CCPR1L                            00000015
CCPR2                             0000001B
CCPR2H                            0000001C
CCPR2L                            0000001B
CHS0                              00000003
CHS1                              00000004
CHS2                              00000005
CIS                               00000003
CKE                               00000006
MPASM  5.51              LCD_DISPLAY_ISIM.ASM   11-18-2016  23:55:25         PAGE  6


SYMBOL TABLE
  LABEL                             VALUE 

CKP                               00000004
CM0                               00000000
CM1                               00000001
CM2                               00000002
CMCON                             0000009C
CMIE                              00000006
CMIF                              00000006
CREN                              00000004
CSRC                              00000007
CVR0                              00000000
CVR1                              00000001
CVR2                              00000002
CVR3                              00000003
CVRCON                            0000009D
CVREN                             00000007
CVROE                             00000006
CVRR                              00000005
D                                 00000005
D1                                0000001A
D2                                00000021
D8                                0000005C
DATA_ADDRESS                      00000005
DC                                00000001
DEGER                             00000021
DEGER2                            00000022
DONGU                             0000007B
DONGU2                            0000007D
D_A                               00000005
D_NOT_A                           00000005
EEADR                             0000010D
EEADRH                            0000010F
EECON1                            0000018C
EECON2                            0000018D
EEDATA                            0000010C
EEDATH                            0000010E
EEIE                              00000004
EEIF                              00000004
EEPGD                             00000007
F                                 00000001
FERR                              00000002
FSR                               00000004
GCEN                              00000007
GECIKME                           00000079
GECIKME2                          00000076
GERI                              00000018
GIE                               00000007
GO                                00000002
GO_DONE                           00000002
GO_NOT_DONE                       00000002
I2C_DATA                          00000005
I2C_READ                          00000002
I2C_START                         00000003
I2C_STOP                          00000004
MPASM  5.51              LCD_DISPLAY_ISIM.ASM   11-18-2016  23:55:25         PAGE  7


SYMBOL TABLE
  LABEL                             VALUE 

IBF                               00000007
IBOV                              00000005
ILERI                             00000016
INDF                              00000000
INTCON                            0000000B
INTE                              00000004
INTEDG                            00000006
INTF                              00000001
IRP                               00000007
KARAKTER_GIR                      00000046
KARAKTER_GONDER                   0000006D
KARAKTER_YAZ                      00000067
KOMUT_GONDER                      0000003D
KOMUT_YAZ                         00000037
KONTROL                           00000027
LOOP                              00000011
MAIN                              00000001
NOT_A                             00000005
NOT_ADDRESS                       00000005
NOT_BO                            00000000
NOT_BOR                           00000000
NOT_DONE                          00000002
NOT_PD                            00000003
NOT_POR                           00000001
NOT_RBPU                          00000007
NOT_RC8                           00000006
NOT_T1SYNC                        00000002
NOT_TO                            00000004
NOT_TX8                           00000006
NOT_W                             00000002
NOT_WRITE                         00000002
OBF                               00000006
OERR                              00000001
OPTION_REG                        00000081
P                                 00000004
PCFG0                             00000000
PCFG1                             00000001
PCFG2                             00000002
PCFG3                             00000003
PCL                               00000002
PCLATH                            0000000A
PCON                              0000008E
PEIE                              00000006
PEN                               00000002
PIE1                              0000008C
PIE2                              0000008D
PIR1                              0000000C
PIR2                              0000000D
PORTA                             00000005
PORTB                             00000006
PORTC                             00000007
PORTD                             00000008
PORTE                             00000009
MPASM  5.51              LCD_DISPLAY_ISIM.ASM   11-18-2016  23:55:25         PAGE  8


SYMBOL TABLE
  LABEL                             VALUE 

PR2                               00000092
PS0                               00000000
PS1                               00000001
PS2                               00000002
PSA                               00000003
PSPIE                             00000007
PSPIF                             00000007
PSPMODE                           00000004
R                                 00000002
RA0                               00000000
RA1                               00000001
RA2                               00000002
RA3                               00000003
RA4                               00000004
RA5                               00000005
RB0                               00000000
RB1                               00000001
RB2                               00000002
RB3                               00000003
RB4                               00000004
RB5                               00000005
RB6                               00000006
RB7                               00000007
RBIE                              00000003
RBIF                              00000000
RC0                               00000000
RC1                               00000001
RC2                               00000002
RC3                               00000003
RC4                               00000004
RC5                               00000005
RC6                               00000006
RC7                               00000007
RC8_9                             00000006
RC9                               00000006
RCD8                              00000000
RCEN                              00000003
RCIE                              00000005
RCIF                              00000005
RCREG                             0000001A
RCSTA                             00000018
RD                                00000000
RD0                               00000000
RD1                               00000001
RD2                               00000002
RD3                               00000003
RD4                               00000004
RD5                               00000005
RD6                               00000006
RD7                               00000007
RE0                               00000000
RE1                               00000001
RE2                               00000002
MPASM  5.51              LCD_DISPLAY_ISIM.ASM   11-18-2016  23:55:25         PAGE  9


SYMBOL TABLE
  LABEL                             VALUE 

READ_WRITE                        00000002
RP0                               00000005
RP1                               00000006
RSEN                              00000001
RX9                               00000006
RX9D                              00000000
R_NOT_W                           00000002
R_W                               00000002
S                                 00000003
SATIR2                            00000056
SATIR2_GERI                       00000063
SATIR2_ILERI                      0000005F
SATIR2_SAYAC                      00000026
SAYAC                             00000024
SEN                               00000000
SMP                               00000007
SPBRG                             00000099
SPEN                              00000007
SREN                              00000005
SSPADD                            00000093
SSPBUF                            00000013
SSPCON                            00000014
SSPCON2                           00000091
SSPEN                             00000005
SSPIE                             00000003
SSPIF                             00000003
SSPM0                             00000000
SSPM1                             00000001
SSPM2                             00000002
SSPM3                             00000003
SSPOV                             00000006
SSPSTAT                           00000094
STATUS                            00000003
SUTUN                             00000023
SUTUN2                            00000025
SYNC                              00000004
T0CS                              00000005
T0IE                              00000005
T0IF                              00000002
T0SE                              00000004
T1CKPS0                           00000004
T1CKPS1                           00000005
T1CON                             00000010
T1INSYNC                          00000002
T1OSCEN                           00000003
T1SYNC                            00000002
T2CKPS0                           00000000
T2CKPS1                           00000001
T2CON                             00000012
TEMIZLE                           0000002C
TEMP                              00000020
TMR0                              00000001
TMR0IE                            00000005
MPASM  5.51              LCD_DISPLAY_ISIM.ASM   11-18-2016  23:55:25         PAGE 10


SYMBOL TABLE
  LABEL                             VALUE 

TMR0IF                            00000002
TMR1                              0000000E
TMR1CS                            00000001
TMR1H                             0000000F
TMR1IE                            00000000
TMR1IF                            00000000
TMR1L                             0000000E
TMR1ON                            00000000
TMR2                              00000011
TMR2IE                            00000001
TMR2IF                            00000001
TMR2ON                            00000002
TOUTPS0                           00000003
TOUTPS1                           00000004
TOUTPS2                           00000005
TOUTPS3                           00000006
TRISA                             00000085
TRISA0                            00000000
TRISA1                            00000001
TRISA2                            00000002
TRISA3                            00000003
TRISA4                            00000004
TRISA5                            00000005
TRISB                             00000086
TRISB0                            00000000
TRISB1                            00000001
TRISB2                            00000002
TRISB3                            00000003
TRISB4                            00000004
TRISB5                            00000005
TRISB6                            00000006
TRISB7                            00000007
TRISC                             00000087
TRISC0                            00000000
TRISC1                            00000001
TRISC2                            00000002
TRISC3                            00000003
TRISC4                            00000004
TRISC5                            00000005
TRISC6                            00000006
TRISC7                            00000007
TRISD                             00000088
TRISD0                            00000000
TRISD1                            00000001
TRISD2                            00000002
TRISD3                            00000003
TRISD4                            00000004
TRISD5                            00000005
TRISD6                            00000006
TRISD7                            00000007
TRISE                             00000089
TRISE0                            00000000
TRISE1                            00000001
MPASM  5.51              LCD_DISPLAY_ISIM.ASM   11-18-2016  23:55:25         PAGE 11


SYMBOL TABLE
  LABEL                             VALUE 

TRISE2                            00000002
TRMT                              00000001
TX8_9                             00000006
TX9                               00000006
TX9D                              00000000
TXD8                              00000000
TXEN                              00000005
TXIE                              00000004
TXIF                              00000004
TXREG                             00000019
TXSTA                             00000098
UA                                00000001
W                                 00000000
WCOL                              00000007
WR                                00000001
WREN                              00000002
WRERR                             00000003
Z                                 00000002
_BODEN_OFF                        00003FBF
_BODEN_ON                         00003FFF
_BOREN_OFF                        00003FBF
_BOREN_ON                         00003FFF
_CONFIG                           00002007
_CPD_OFF                          00003FFF
_CPD_ON                           00003EFF
_CP_ALL                           00001FFF
_CP_OFF                           00003FFF
_CP_ON                            00001FFF
_DEBUG_OFF                        00003FFF
_DEBUG_ON                         000037FF
_DEVID1                           00002006
_FOSC_EXTRC                       00003FFF
_FOSC_HS                          00003FFE
_FOSC_LP                          00003FFC
_FOSC_XT                          00003FFD
_HS_OSC                           00003FFE
_IDLOC0                           00002000
_IDLOC1                           00002001
_IDLOC2                           00002002
_IDLOC3                           00002003
_LP_OSC                           00003FFC
_LVP_OFF                          00003F7F
_LVP_ON                           00003FFF
_PWRTE_OFF                        00003FFF
_PWRTE_ON                         00003FF7
_RC_OSC                           00003FFF
_WDTE_OFF                         00003FFB
_WDTE_ON                          00003FFF
_WDT_OFF                          00003FFB
_WDT_ON                           00003FFF
_WRT_1FOURTH                      00003BFF
_WRT_256                          00003DFF
_WRT_HALF                         000039FF
MPASM  5.51              LCD_DISPLAY_ISIM.ASM   11-18-2016  23:55:25         PAGE 12


SYMBOL TABLE
  LABEL                             VALUE 

_WRT_OFF                          00003FFF
_XT_OSC                           00003FFD
__16F877A                         00000001
__DEBUG                           1


MEMORY USAGE MAP ('X' = Used,  '-' = Unused)

0000 : XXXXXXXXXXXXXXXX XXXXXXXXXXXXXXXX XXXXXXXXXXXXXXXX XXXXXXXXXXXXXXXX
0040 : XXXXXXXXXXXXXXXX XXXXXXXXXXXXXXXX XXXXXXXXXXXXXXXX XXXXXXXXXXXXXXXX
0080 : XX-------------- ---------------- ---------------- ----------------

All other memory blocks unused.

Program Memory Words Used:   130
Program Memory Words Free:  8062


Errors   :     0
Warnings :     9 reported,     0 suppressed
Messages :     1 reported,     0 suppressed

