MPLINK 4.49, Linker
Linker Map File - Created Tue Nov 20 10:03:12 2018

                                 Section Info
                  Section       Type    Address   Location Size(Bytes)
                ---------  ---------  ---------  ---------  ---------
                   .org_0       code   0x000000    program   0x000000
                   .org_1       code   0x000000    program   0x000002
                   .org_2       code   0x000004    program   0x000036
       .config_2007_ADC.O       code   0x002007    program   0x000002



                              Program Memory Usage 
                               Start         End      
                           ---------   ---------      
                            0x000000    0x000000      
                            0x000004    0x00001e      
                            0x002007    0x002007      
            29 out of 8454 program addresses used, program memory utilization is 0%



                              Symbols - Sorted by Name
                     Name    Address   Location    Storage File                     
                ---------  ---------  ---------  --------- ---------                
                    BASLA   0x00000d    program     static C:\Users\Rumeysa\Desktop\Micro\adc deneme\adc.asm
                    BEKLE   0x00001e    program     static C:\Users\Rumeysa\Desktop\Micro\adc deneme\adc.asm
                    KESME   0x000004    program     static C:\Users\Rumeysa\Desktop\Micro\adc deneme\adc.asm



                              Symbols - Sorted by Address
                     Name    Address   Location    Storage File                     
                ---------  ---------  ---------  --------- ---------                
                    KESME   0x000004    program     static C:\Users\Rumeysa\Desktop\Micro\adc deneme\adc.asm
                    BASLA   0x00000d    program     static C:\Users\Rumeysa\Desktop\Micro\adc deneme\adc.asm
                    BEKLE   0x00001e    program     static C:\Users\Rumeysa\Desktop\Micro\adc deneme\adc.asm


