MPLINK 4.49, Linker
Linker Map File - Created Mon Dec 10 21:32:35 2018

                                 Section Info
                  Section       Type    Address   Location Size(Bytes)
                ---------  ---------  ---------  ---------  ---------
                   .org_0       code   0x000000    program   0x000000
                   .org_1       code   0x000000    program   0x00008c
         .config_2007_A.O       code   0x002007    program   0x000002



                              Program Memory Usage 
                               Start         End      
                           ---------   ---------      
                            0x000000    0x000045      
                            0x002007    0x002007      
            71 out of 8454 program addresses used, program memory utilization is 0%



                              Symbols - Sorted by Name
                     Name    Address   Location    Storage File                     
                ---------  ---------  ---------  --------- ---------                
                  GECIKME   0x00003d    program     static C:\Users\BRAIN\Desktop\LCD\LCD_4_BIT_KULLANARAK_2_SATIRADA_YAZI_YAZMA\A.asm
                 GECIKME1   0x00003f    program     static C:\Users\BRAIN\Desktop\LCD\LCD_4_BIT_KULLANARAK_2_SATIRADA_YAZI_YAZMA\A.asm
                 GECIKTIR   0x000041    program     static C:\Users\BRAIN\Desktop\LCD\LCD_4_BIT_KULLANARAK_2_SATIRADA_YAZI_YAZMA\A.asm
                    KOMUT   0x000008    program     static C:\Users\BRAIN\Desktop\LCD\LCD_4_BIT_KULLANARAK_2_SATIRADA_YAZI_YAZMA\A.asm
             KOMUT_GONDER   0x000016    program     static C:\Users\BRAIN\Desktop\LCD\LCD_4_BIT_KULLANARAK_2_SATIRADA_YAZI_YAZMA\A.asm
                KOMUT_YAZ   0x000010    program     static C:\Users\BRAIN\Desktop\LCD\LCD_4_BIT_KULLANARAK_2_SATIRADA_YAZI_YAZMA\A.asm
                     MAIN   0x000000    program     static C:\Users\BRAIN\Desktop\LCD\LCD_4_BIT_KULLANARAK_2_SATIRADA_YAZI_YAZMA\A.asm
              VERI_GONDER   0x000023    program     static C:\Users\BRAIN\Desktop\LCD\LCD_4_BIT_KULLANARAK_2_SATIRADA_YAZI_YAZMA\A.asm
                 VERI_YAZ   0x00001d    program     static C:\Users\BRAIN\Desktop\LCD\LCD_4_BIT_KULLANARAK_2_SATIRADA_YAZI_YAZMA\A.asm
                     YAZI   0x00002a    program     static C:\Users\BRAIN\Desktop\LCD\LCD_4_BIT_KULLANARAK_2_SATIRADA_YAZI_YAZMA\A.asm



                              Symbols - Sorted by Address
                     Name    Address   Location    Storage File                     
                ---------  ---------  ---------  --------- ---------                
                     MAIN   0x000000    program     static C:\Users\BRAIN\Desktop\LCD\LCD_4_BIT_KULLANARAK_2_SATIRADA_YAZI_YAZMA\A.asm
                    KOMUT   0x000008    program     static C:\Users\BRAIN\Desktop\LCD\LCD_4_BIT_KULLANARAK_2_SATIRADA_YAZI_YAZMA\A.asm
                KOMUT_YAZ   0x000010    program     static C:\Users\BRAIN\Desktop\LCD\LCD_4_BIT_KULLANARAK_2_SATIRADA_YAZI_YAZMA\A.asm
             KOMUT_GONDER   0x000016    program     static C:\Users\BRAIN\Desktop\LCD\LCD_4_BIT_KULLANARAK_2_SATIRADA_YAZI_YAZMA\A.asm
                 VERI_YAZ   0x00001d    program     static C:\Users\BRAIN\Desktop\LCD\LCD_4_BIT_KULLANARAK_2_SATIRADA_YAZI_YAZMA\A.asm
              VERI_GONDER   0x000023    program     static C:\Users\BRAIN\Desktop\LCD\LCD_4_BIT_KULLANARAK_2_SATIRADA_YAZI_YAZMA\A.asm
                     YAZI   0x00002a    program     static C:\Users\BRAIN\Desktop\LCD\LCD_4_BIT_KULLANARAK_2_SATIRADA_YAZI_YAZMA\A.asm
                  GECIKME   0x00003d    program     static C:\Users\BRAIN\Desktop\LCD\LCD_4_BIT_KULLANARAK_2_SATIRADA_YAZI_YAZMA\A.asm
                 GECIKME1   0x00003f    program     static C:\Users\BRAIN\Desktop\LCD\LCD_4_BIT_KULLANARAK_2_SATIRADA_YAZI_YAZMA\A.asm
                 GECIKTIR   0x000041    program     static C:\Users\BRAIN\Desktop\LCD\LCD_4_BIT_KULLANARAK_2_SATIRADA_YAZI_YAZMA\A.asm


