MPLINK 4.40, Linker
Linker Map File - Created Mon Dec 26 23:47:03 2011

                                 Section Info
                  Section       Type    Address   Location Size(Bytes)
                ---------  ---------  ---------  ---------  ---------
                   .org_0       code   0x000000    program   0x000000
                   .org_1       code   0x000000    program   0x000002
                   .org_2       code   0x000004    program   0x00008a



                              Program Memory Usage 
                               Start         End      
                           ---------   ---------      
                            0x000000    0x000000      
                            0x000004    0x000048      
            70 out of 8454 program addresses used, program memory utilization is 0%



                              Symbols - Sorted by Name
                     Name    Address   Location    Storage File                     
                ---------  ---------  ---------  --------- ---------                
              Ana_Program   0x00002d    program     static C:\Users\Google\Desktop\Mikro Calisma\17_RBChangeDisplay(ileri_geri_sayici)\Untitled.asm
                    Artir   0x000020    program     static C:\Users\Google\Desktop\Mikro Calisma\17_RBChangeDisplay(ileri_geri_sayici)\Untitled.asm
                    Azalt   0x000029    program     static C:\Users\Google\Desktop\Mikro Calisma\17_RBChangeDisplay(ileri_geri_sayici)\Untitled.asm
                    Cikis   0x00002b    program     static C:\Users\Google\Desktop\Mikro Calisma\17_RBChangeDisplay(ileri_geri_sayici)\Untitled.asm
                    Dongu   0x00003c    program     static C:\Users\Google\Desktop\Mikro Calisma\17_RBChangeDisplay(ileri_geri_sayici)\Untitled.asm
                    Kesme   0x000004    program     static C:\Users\Google\Desktop\Mikro Calisma\17_RBChangeDisplay(ileri_geri_sayici)\Untitled.asm
                   LOOKUP   0x00003d    program     static C:\Users\Google\Desktop\Mikro Calisma\17_RBChangeDisplay(ileri_geri_sayici)\Untitled.asm
    Sayac_Kontrol_Artirma   0x00001a    program     static C:\Users\Google\Desktop\Mikro Calisma\17_RBChangeDisplay(ileri_geri_sayici)\Untitled.asm
    Sayac_Kontrol_Azaltma   0x000022    program     static C:\Users\Google\Desktop\Mikro Calisma\17_RBChangeDisplay(ileri_geri_sayici)\Untitled.asm
             Tus6_Kontrol   0x000009    program     static C:\Users\Google\Desktop\Mikro Calisma\17_RBChangeDisplay(ileri_geri_sayici)\Untitled.asm
            Tus6_islemler   0x00000c    program     static C:\Users\Google\Desktop\Mikro Calisma\17_RBChangeDisplay(ileri_geri_sayici)\Untitled.asm
            Tus7_islemler   0x000013    program     static C:\Users\Google\Desktop\Mikro Calisma\17_RBChangeDisplay(ileri_geri_sayici)\Untitled.asm
              Tus_Kontrol   0x000006    program     static C:\Users\Google\Desktop\Mikro Calisma\17_RBChangeDisplay(ileri_geri_sayici)\Untitled.asm



                              Symbols - Sorted by Address
                     Name    Address   Location    Storage File                     
                ---------  ---------  ---------  --------- ---------                
                    Kesme   0x000004    program     static C:\Users\Google\Desktop\Mikro Calisma\17_RBChangeDisplay(ileri_geri_sayici)\Untitled.asm
              Tus_Kontrol   0x000006    program     static C:\Users\Google\Desktop\Mikro Calisma\17_RBChangeDisplay(ileri_geri_sayici)\Untitled.asm
             Tus6_Kontrol   0x000009    program     static C:\Users\Google\Desktop\Mikro Calisma\17_RBChangeDisplay(ileri_geri_sayici)\Untitled.asm
            Tus6_islemler   0x00000c    program     static C:\Users\Google\Desktop\Mikro Calisma\17_RBChangeDisplay(ileri_geri_sayici)\Untitled.asm
            Tus7_islemler   0x000013    program     static C:\Users\Google\Desktop\Mikro Calisma\17_RBChangeDisplay(ileri_geri_sayici)\Untitled.asm
    Sayac_Kontrol_Artirma   0x00001a    program     static C:\Users\Google\Desktop\Mikro Calisma\17_RBChangeDisplay(ileri_geri_sayici)\Untitled.asm
                    Artir   0x000020    program     static C:\Users\Google\Desktop\Mikro Calisma\17_RBChangeDisplay(ileri_geri_sayici)\Untitled.asm
    Sayac_Kontrol_Azaltma   0x000022    program     static C:\Users\Google\Desktop\Mikro Calisma\17_RBChangeDisplay(ileri_geri_sayici)\Untitled.asm
                    Azalt   0x000029    program     static C:\Users\Google\Desktop\Mikro Calisma\17_RBChangeDisplay(ileri_geri_sayici)\Untitled.asm
                    Cikis   0x00002b    program     static C:\Users\Google\Desktop\Mikro Calisma\17_RBChangeDisplay(ileri_geri_sayici)\Untitled.asm
              Ana_Program   0x00002d    program     static C:\Users\Google\Desktop\Mikro Calisma\17_RBChangeDisplay(ileri_geri_sayici)\Untitled.asm
                    Dongu   0x00003c    program     static C:\Users\Google\Desktop\Mikro Calisma\17_RBChangeDisplay(ileri_geri_sayici)\Untitled.asm
                   LOOKUP   0x00003d    program     static C:\Users\Google\Desktop\Mikro Calisma\17_RBChangeDisplay(ileri_geri_sayici)\Untitled.asm


