MPLINK 4.40, Linker
Linker Map File - Created Tue Dec 27 00:19:52 2011

                                 Section Info
                  Section       Type    Address   Location Size(Bytes)
                ---------  ---------  ---------  ---------  ---------
                   .org_0       code   0x000000    program   0x000000
                   .org_1       code   0x000000    program   0x000002
                   .org_2       code   0x000004    program   0x00007e



                              Program Memory Usage 
                               Start         End      
                           ---------   ---------      
                            0x000000    0x000000      
                            0x000004    0x000042      
            64 out of 8454 program addresses used, program memory utilization is 0%



                              Symbols - Sorted by Name
                     Name    Address   Location    Storage File                     
                ---------  ---------  ---------  --------- ---------                
              Ana_Program   0x00001a    program     static C:\Users\Google\Desktop\Mikro Calisma\24_Tmr2_Display_RBChange\Untitled.asm
                    Cikis   0x000018    program     static C:\Users\Google\Desktop\Mikro Calisma\24_Tmr2_Display_RBChange\Untitled.asm
                    Dongu   0x000034    program     static C:\Users\Google\Desktop\Mikro Calisma\24_Tmr2_Display_RBChange\Untitled.asm
                    Kesme   0x000004    program     static C:\Users\Google\Desktop\Mikro Calisma\24_Tmr2_Display_RBChange\Untitled.asm
                   Lookup   0x000035    program     static C:\Users\Google\Desktop\Mikro Calisma\24_Tmr2_Display_RBChange\Untitled.asm
            Timer_Kontrol   0x000007    program     static C:\Users\Google\Desktop\Mikro Calisma\24_Tmr2_Display_RBChange\Untitled.asm
           Timer_islemler   0x00000f    program     static C:\Users\Google\Desktop\Mikro Calisma\24_Tmr2_Display_RBChange\Untitled.asm
            Tus7_islemler   0x00000a    program     static C:\Users\Google\Desktop\Mikro Calisma\24_Tmr2_Display_RBChange\Untitled.asm



                              Symbols - Sorted by Address
                     Name    Address   Location    Storage File                     
                ---------  ---------  ---------  --------- ---------                
                    Kesme   0x000004    program     static C:\Users\Google\Desktop\Mikro Calisma\24_Tmr2_Display_RBChange\Untitled.asm
            Timer_Kontrol   0x000007    program     static C:\Users\Google\Desktop\Mikro Calisma\24_Tmr2_Display_RBChange\Untitled.asm
            Tus7_islemler   0x00000a    program     static C:\Users\Google\Desktop\Mikro Calisma\24_Tmr2_Display_RBChange\Untitled.asm
           Timer_islemler   0x00000f    program     static C:\Users\Google\Desktop\Mikro Calisma\24_Tmr2_Display_RBChange\Untitled.asm
                    Cikis   0x000018    program     static C:\Users\Google\Desktop\Mikro Calisma\24_Tmr2_Display_RBChange\Untitled.asm
              Ana_Program   0x00001a    program     static C:\Users\Google\Desktop\Mikro Calisma\24_Tmr2_Display_RBChange\Untitled.asm
                    Dongu   0x000034    program     static C:\Users\Google\Desktop\Mikro Calisma\24_Tmr2_Display_RBChange\Untitled.asm
                   Lookup   0x000035    program     static C:\Users\Google\Desktop\Mikro Calisma\24_Tmr2_Display_RBChange\Untitled.asm


