MPLINK 4.49, Linker
Linker Map File - Created Tue Nov 27 10:43:40 2018

                                 Section Info
                  Section       Type    Address   Location Size(Bytes)
                ---------  ---------  ---------  ---------  ---------
                   .org_0       code   0x000000    program   0x000000
                   .org_1       code   0x000000    program   0x000002
                   .org_2       code   0x000004    program   0x0000ae



                              Program Memory Usage 
                               Start         End      
                           ---------   ---------      
                            0x000000    0x000000      
                            0x000004    0x00005a      
            88 out of 8454 program addresses used, program memory utilization is 1%



                              Symbols - Sorted by Name
                     Name    Address   Location    Storage File                     
                ---------  ---------  ---------  --------- ---------                
                 BUTONLAR   0x00002e    program     static C:\Users\BRAIN\Desktop\PWM_CALISMALARIM\ODEV\Untitled.asm
                HIZ_ARTIR   0x000049    program     static C:\Users\BRAIN\Desktop\PWM_CALISMALARIM\ODEV\Untitled.asm
                HIZ_AZALT   0x000052    program     static C:\Users\BRAIN\Desktop\PWM_CALISMALARIM\ODEV\Untitled.asm
                     MAIN   0x000005    program     static C:\Users\BRAIN\Desktop\PWM_CALISMALARIM\ODEV\Untitled.asm
          PARLAKLIK_ARTIR   0x000037    program     static C:\Users\BRAIN\Desktop\PWM_CALISMALARIM\ODEV\Untitled.asm
          PARLAKLIK_AZALT   0x000040    program     static C:\Users\BRAIN\Desktop\PWM_CALISMALARIM\ODEV\Untitled.asm



                              Symbols - Sorted by Address
                     Name    Address   Location    Storage File                     
                ---------  ---------  ---------  --------- ---------                
                     MAIN   0x000005    program     static C:\Users\BRAIN\Desktop\PWM_CALISMALARIM\ODEV\Untitled.asm
                 BUTONLAR   0x00002e    program     static C:\Users\BRAIN\Desktop\PWM_CALISMALARIM\ODEV\Untitled.asm
          PARLAKLIK_ARTIR   0x000037    program     static C:\Users\BRAIN\Desktop\PWM_CALISMALARIM\ODEV\Untitled.asm
          PARLAKLIK_AZALT   0x000040    program     static C:\Users\BRAIN\Desktop\PWM_CALISMALARIM\ODEV\Untitled.asm
                HIZ_ARTIR   0x000049    program     static C:\Users\BRAIN\Desktop\PWM_CALISMALARIM\ODEV\Untitled.asm
                HIZ_AZALT   0x000052    program     static C:\Users\BRAIN\Desktop\PWM_CALISMALARIM\ODEV\Untitled.asm


