MPLINK 4.49, Linker
Linker Map File - Created Tue Dec 18 01:12:42 2018

                                 Section Info
                  Section       Type    Address   Location Size(Bytes)
                ---------  ---------  ---------  ---------  ---------
                   .org_0       code   0x000000    program   0x00003c
                   .cinit    romdata   0x00001e    program   0x000004



                              Program Memory Usage 
                               Start         End      
                           ---------   ---------      
                            0x000000    0x00001f      
            32 out of 8454 program addresses used, program memory utilization is 0%



                              Symbols - Sorted by Name
                     Name    Address   Location    Storage File                     
                ---------  ---------  ---------  --------- ---------                
                  KONTROL   0x000014    program     static C:\Users\BRAIN\Desktop\USART ASENKRON ILETISIM\Yeni klasör\ABDULLAH_HARUN_TAHTALI.asm
                     MAIN   0x000000    program     static C:\Users\BRAIN\Desktop\USART ASENKRON ILETISIM\Yeni klasör\ABDULLAH_HARUN_TAHTALI.asm
                      YAZ   0x000019    program     static C:\Users\BRAIN\Desktop\USART ASENKRON ILETISIM\Yeni klasör\ABDULLAH_HARUN_TAHTALI.asm



                              Symbols - Sorted by Address
                     Name    Address   Location    Storage File                     
                ---------  ---------  ---------  --------- ---------                
                     MAIN   0x000000    program     static C:\Users\BRAIN\Desktop\USART ASENKRON ILETISIM\Yeni klasör\ABDULLAH_HARUN_TAHTALI.asm
                  KONTROL   0x000014    program     static C:\Users\BRAIN\Desktop\USART ASENKRON ILETISIM\Yeni klasör\ABDULLAH_HARUN_TAHTALI.asm
                      YAZ   0x000019    program     static C:\Users\BRAIN\Desktop\USART ASENKRON ILETISIM\Yeni klasör\ABDULLAH_HARUN_TAHTALI.asm


