MPLINK 4.49, Linker
Linker Map File - Created Tue Dec 04 11:01:05 2018

                                 Section Info
                  Section       Type    Address   Location Size(Bytes)
                ---------  ---------  ---------  ---------  ---------
                   .org_0       code   0x000000    program   0x000000
                   .org_1       code   0x000000    program   0x00002c
  .config_2007_UNTITLED.O       code   0x002007    program   0x000002



                              Program Memory Usage 
                               Start         End      
                           ---------   ---------      
                            0x000000    0x000015      
                            0x002007    0x002007      
            23 out of 8454 program addresses used, program memory utilization is 0%



                              Symbols - Sorted by Name
                     Name    Address   Location    Storage File                     
                ---------  ---------  ---------  --------- ---------                
                     MAIN   0x000000    program     static C:\Users\BRAIN\Desktop\LCD\SWAPSIZ_TERS_ALMA\Untitled.asm
                      SAG   0x00000f    program     static C:\Users\BRAIN\Desktop\LCD\SWAPSIZ_TERS_ALMA\Untitled.asm
                      SOL   0x00000b    program     static C:\Users\BRAIN\Desktop\LCD\SWAPSIZ_TERS_ALMA\Untitled.asm
                   YAZDIR   0x000000    program     static C:\Users\BRAIN\Desktop\LCD\SWAPSIZ_TERS_ALMA\Untitled.asm



                              Symbols - Sorted by Address
                     Name    Address   Location    Storage File                     
                ---------  ---------  ---------  --------- ---------                
                     MAIN   0x000000    program     static C:\Users\BRAIN\Desktop\LCD\SWAPSIZ_TERS_ALMA\Untitled.asm
                   YAZDIR   0x000000    program     static C:\Users\BRAIN\Desktop\LCD\SWAPSIZ_TERS_ALMA\Untitled.asm
                      SOL   0x00000b    program     static C:\Users\BRAIN\Desktop\LCD\SWAPSIZ_TERS_ALMA\Untitled.asm
                      SAG   0x00000f    program     static C:\Users\BRAIN\Desktop\LCD\SWAPSIZ_TERS_ALMA\Untitled.asm


