MPLINK 4.40, Linker
Linker Map File - Created Tue Dec 27 02:09:44 2011

                                 Section Info
                  Section       Type    Address   Location Size(Bytes)
                ---------  ---------  ---------  ---------  ---------
                   .org_0       code   0x000000    program   0x000000
                   .org_1       code   0x000000    program   0x000004
                   .org_2       code   0x000004    program   0x000056



                              Program Memory Usage 
                               Start         End      
                           ---------   ---------      
                            0x000000    0x000001      
                            0x000004    0x00002e      
            45 out of 8454 program addresses used, program memory utilization is 0%



                              Symbols - Sorted by Name
                     Name    Address   Location    Storage File                     
                ---------  ---------  ---------  --------- ---------                
                    Dongu   0x00002e    program     static C:\Users\Google\Desktop\Mikro Calisma\12_EEPROM_Yazma_Okuma\ODEV_7A.asm
                    Kesme   0x000004    program     static C:\Users\Google\Desktop\Mikro Calisma\12_EEPROM_Yazma_Okuma\ODEV_7A.asm
              Okuma_Ayari   0x000019    program     static C:\Users\Google\Desktop\Mikro Calisma\12_EEPROM_Yazma_Okuma\ODEV_7A.asm
              Yazma_Ayari   0x000005    program     static C:\Users\Google\Desktop\Mikro Calisma\12_EEPROM_Yazma_Okuma\ODEV_7A.asm
              Yazma_Bekle   0x000015    program     static C:\Users\Google\Desktop\Mikro Calisma\12_EEPROM_Yazma_Okuma\ODEV_7A.asm
              ana_program   0x000028    program     static C:\Users\Google\Desktop\Mikro Calisma\12_EEPROM_Yazma_Okuma\ODEV_7A.asm



                              Symbols - Sorted by Address
                     Name    Address   Location    Storage File                     
                ---------  ---------  ---------  --------- ---------                
                    Kesme   0x000004    program     static C:\Users\Google\Desktop\Mikro Calisma\12_EEPROM_Yazma_Okuma\ODEV_7A.asm
              Yazma_Ayari   0x000005    program     static C:\Users\Google\Desktop\Mikro Calisma\12_EEPROM_Yazma_Okuma\ODEV_7A.asm
              Yazma_Bekle   0x000015    program     static C:\Users\Google\Desktop\Mikro Calisma\12_EEPROM_Yazma_Okuma\ODEV_7A.asm
              Okuma_Ayari   0x000019    program     static C:\Users\Google\Desktop\Mikro Calisma\12_EEPROM_Yazma_Okuma\ODEV_7A.asm
              ana_program   0x000028    program     static C:\Users\Google\Desktop\Mikro Calisma\12_EEPROM_Yazma_Okuma\ODEV_7A.asm
                    Dongu   0x00002e    program     static C:\Users\Google\Desktop\Mikro Calisma\12_EEPROM_Yazma_Okuma\ODEV_7A.asm


