MPLINK 4.49, Linker
Linker Map File - Created Mon Nov 21 20:11:31 2016

                                 Section Info
                  Section       Type    Address   Location Size(Bytes)
                ---------  ---------  ---------  ---------  ---------
                   .org_0       code   0x000000    program   0x000000
                   .org_1       code   0x000000    program   0x0000ae



                              Program Memory Usage 
                               Start         End      
                           ---------   ---------      
                            0x000000    0x000056      
            87 out of 8454 program addresses used, program memory utilization is 1%



                              Symbols - Sorted by Name
                     Name    Address   Location    Storage File                     
                ---------  ---------  ---------  --------- ---------                
                    DONGU   0x000050    program     static C:\Users\yucel\Desktop\picProject\lcd_display3\lcd_display3.asm
                   DONGU2   0x000052    program     static C:\Users\yucel\Desktop\picProject\lcd_display3\lcd_display3.asm
                  GECIKME   0x00004e    program     static C:\Users\yucel\Desktop\picProject\lcd_display3\lcd_display3.asm
             KARAKTER_GIR   0x000024    program     static C:\Users\yucel\Desktop\picProject\lcd_display3\lcd_display3.asm
          KARAKTER_GONDER   0x000045    program     static C:\Users\yucel\Desktop\picProject\lcd_display3\lcd_display3.asm
             KARAKTER_YAZ   0x00003f    program     static C:\Users\yucel\Desktop\picProject\lcd_display3\lcd_display3.asm
             KOMUT_GONDER   0x00001b    program     static C:\Users\yucel\Desktop\picProject\lcd_display3\lcd_display3.asm
                KOMUT_YAZ   0x000015    program     static C:\Users\yucel\Desktop\picProject\lcd_display3\lcd_display3.asm
                     LOOP   0x000009    program     static C:\Users\yucel\Desktop\picProject\lcd_display3\lcd_display3.asm
                     MAIN   0x000001    program     static C:\Users\yucel\Desktop\picProject\lcd_display3\lcd_display3.asm
                   SATIR2   0x000036    program     static C:\Users\yucel\Desktop\picProject\lcd_display3\lcd_display3.asm
                  TEMIZLE   0x00000a    program     static C:\Users\yucel\Desktop\picProject\lcd_display3\lcd_display3.asm



                              Symbols - Sorted by Address
                     Name    Address   Location    Storage File                     
                ---------  ---------  ---------  --------- ---------                
                     MAIN   0x000001    program     static C:\Users\yucel\Desktop\picProject\lcd_display3\lcd_display3.asm
                     LOOP   0x000009    program     static C:\Users\yucel\Desktop\picProject\lcd_display3\lcd_display3.asm
                  TEMIZLE   0x00000a    program     static C:\Users\yucel\Desktop\picProject\lcd_display3\lcd_display3.asm
                KOMUT_YAZ   0x000015    program     static C:\Users\yucel\Desktop\picProject\lcd_display3\lcd_display3.asm
             KOMUT_GONDER   0x00001b    program     static C:\Users\yucel\Desktop\picProject\lcd_display3\lcd_display3.asm
             KARAKTER_GIR   0x000024    program     static C:\Users\yucel\Desktop\picProject\lcd_display3\lcd_display3.asm
                   SATIR2   0x000036    program     static C:\Users\yucel\Desktop\picProject\lcd_display3\lcd_display3.asm
             KARAKTER_YAZ   0x00003f    program     static C:\Users\yucel\Desktop\picProject\lcd_display3\lcd_display3.asm
          KARAKTER_GONDER   0x000045    program     static C:\Users\yucel\Desktop\picProject\lcd_display3\lcd_display3.asm
                  GECIKME   0x00004e    program     static C:\Users\yucel\Desktop\picProject\lcd_display3\lcd_display3.asm
                    DONGU   0x000050    program     static C:\Users\yucel\Desktop\picProject\lcd_display3\lcd_display3.asm
                   DONGU2   0x000052    program     static C:\Users\yucel\Desktop\picProject\lcd_display3\lcd_display3.asm


