MPLINK 4.49, Linker
Linker Map File - Created Tue Dec 04 11:55:19 2018

                                 Section Info
                  Section       Type    Address   Location Size(Bytes)
                ---------  ---------  ---------  ---------  ---------
                   .org_0       code   0x000000    program   0x0000a8
                   .cinit    romdata   0x000054    program   0x000004



                              Program Memory Usage 
                               Start         End      
                           ---------   ---------      
                            0x000000    0x000055      
            86 out of 8454 program addresses used, program memory utilization is 1%



                              Symbols - Sorted by Name
                     Name    Address   Location    Storage File                     
                ---------  ---------  ---------  --------- ---------                
                  GECIKME   0x00002c    program     static C:\Users\BRAIN\Desktop\LCD\LCD_4_BIT_KULLANARAK_SWAP_KULLANMADAN_SAYININ_TERSINI_EKRANA_YAZDIRMA\MADEIN_TAHTA_REIS.asm
                 GECIKME1   0x00002e    program     static C:\Users\BRAIN\Desktop\LCD\LCD_4_BIT_KULLANARAK_SWAP_KULLANMADAN_SAYININ_TERSINI_EKRANA_YAZDIRMA\MADEIN_TAHTA_REIS.asm
                 GECIKTIR   0x000030    program     static C:\Users\BRAIN\Desktop\LCD\LCD_4_BIT_KULLANARAK_SWAP_KULLANMADAN_SAYININ_TERSINI_EKRANA_YAZDIRMA\MADEIN_TAHTA_REIS.asm
                    KOMUT   0x00000c    program     static C:\Users\BRAIN\Desktop\LCD\LCD_4_BIT_KULLANARAK_SWAP_KULLANMADAN_SAYININ_TERSINI_EKRANA_YAZDIRMA\MADEIN_TAHTA_REIS.asm
             KOMUT_GONDER   0x000018    program     static C:\Users\BRAIN\Desktop\LCD\LCD_4_BIT_KULLANARAK_SWAP_KULLANMADAN_SAYININ_TERSINI_EKRANA_YAZDIRMA\MADEIN_TAHTA_REIS.asm
                KOMUT_YAZ   0x000012    program     static C:\Users\BRAIN\Desktop\LCD\LCD_4_BIT_KULLANARAK_SWAP_KULLANMADAN_SAYININ_TERSINI_EKRANA_YAZDIRMA\MADEIN_TAHTA_REIS.asm
                     MAIN   0x000000    program     static C:\Users\BRAIN\Desktop\LCD\LCD_4_BIT_KULLANARAK_SWAP_KULLANMADAN_SAYININ_TERSINI_EKRANA_YAZDIRMA\MADEIN_TAHTA_REIS.asm
                      SAG   0x000044    program     static C:\Users\BRAIN\Desktop\LCD\LCD_4_BIT_KULLANARAK_SWAP_KULLANMADAN_SAYININ_TERSINI_EKRANA_YAZDIRMA\MADEIN_TAHTA_REIS.asm
                      SOL   0x00003c    program     static C:\Users\BRAIN\Desktop\LCD\LCD_4_BIT_KULLANARAK_SWAP_KULLANMADAN_SAYININ_TERSINI_EKRANA_YAZDIRMA\MADEIN_TAHTA_REIS.asm
                      SON   0x000054    program     static C:\Users\BRAIN\Desktop\LCD\LCD_4_BIT_KULLANARAK_SWAP_KULLANMADAN_SAYININ_TERSINI_EKRANA_YAZDIRMA\MADEIN_TAHTA_REIS.asm
                     SWAP   0x00004d    program     static C:\Users\BRAIN\Desktop\LCD\LCD_4_BIT_KULLANARAK_SWAP_KULLANMADAN_SAYININ_TERSINI_EKRANA_YAZDIRMA\MADEIN_TAHTA_REIS.asm
              VERI_GONDER   0x000025    program     static C:\Users\BRAIN\Desktop\LCD\LCD_4_BIT_KULLANARAK_SWAP_KULLANMADAN_SAYININ_TERSINI_EKRANA_YAZDIRMA\MADEIN_TAHTA_REIS.asm
                 VERI_YAZ   0x00001f    program     static C:\Users\BRAIN\Desktop\LCD\LCD_4_BIT_KULLANARAK_SWAP_KULLANMADAN_SAYININ_TERSINI_EKRANA_YAZDIRMA\MADEIN_TAHTA_REIS.asm
                   YAZDIR   0x000035    program     static C:\Users\BRAIN\Desktop\LCD\LCD_4_BIT_KULLANARAK_SWAP_KULLANMADAN_SAYININ_TERSINI_EKRANA_YAZDIRMA\MADEIN_TAHTA_REIS.asm



                              Symbols - Sorted by Address
                     Name    Address   Location    Storage File                     
                ---------  ---------  ---------  --------- ---------                
                     MAIN   0x000000    program     static C:\Users\BRAIN\Desktop\LCD\LCD_4_BIT_KULLANARAK_SWAP_KULLANMADAN_SAYININ_TERSINI_EKRANA_YAZDIRMA\MADEIN_TAHTA_REIS.asm
                    KOMUT   0x00000c    program     static C:\Users\BRAIN\Desktop\LCD\LCD_4_BIT_KULLANARAK_SWAP_KULLANMADAN_SAYININ_TERSINI_EKRANA_YAZDIRMA\MADEIN_TAHTA_REIS.asm
                KOMUT_YAZ   0x000012    program     static C:\Users\BRAIN\Desktop\LCD\LCD_4_BIT_KULLANARAK_SWAP_KULLANMADAN_SAYININ_TERSINI_EKRANA_YAZDIRMA\MADEIN_TAHTA_REIS.asm
             KOMUT_GONDER   0x000018    program     static C:\Users\BRAIN\Desktop\LCD\LCD_4_BIT_KULLANARAK_SWAP_KULLANMADAN_SAYININ_TERSINI_EKRANA_YAZDIRMA\MADEIN_TAHTA_REIS.asm
                 VERI_YAZ   0x00001f    program     static C:\Users\BRAIN\Desktop\LCD\LCD_4_BIT_KULLANARAK_SWAP_KULLANMADAN_SAYININ_TERSINI_EKRANA_YAZDIRMA\MADEIN_TAHTA_REIS.asm
              VERI_GONDER   0x000025    program     static C:\Users\BRAIN\Desktop\LCD\LCD_4_BIT_KULLANARAK_SWAP_KULLANMADAN_SAYININ_TERSINI_EKRANA_YAZDIRMA\MADEIN_TAHTA_REIS.asm
                  GECIKME   0x00002c    program     static C:\Users\BRAIN\Desktop\LCD\LCD_4_BIT_KULLANARAK_SWAP_KULLANMADAN_SAYININ_TERSINI_EKRANA_YAZDIRMA\MADEIN_TAHTA_REIS.asm
                 GECIKME1   0x00002e    program     static C:\Users\BRAIN\Desktop\LCD\LCD_4_BIT_KULLANARAK_SWAP_KULLANMADAN_SAYININ_TERSINI_EKRANA_YAZDIRMA\MADEIN_TAHTA_REIS.asm
                 GECIKTIR   0x000030    program     static C:\Users\BRAIN\Desktop\LCD\LCD_4_BIT_KULLANARAK_SWAP_KULLANMADAN_SAYININ_TERSINI_EKRANA_YAZDIRMA\MADEIN_TAHTA_REIS.asm
                   YAZDIR   0x000035    program     static C:\Users\BRAIN\Desktop\LCD\LCD_4_BIT_KULLANARAK_SWAP_KULLANMADAN_SAYININ_TERSINI_EKRANA_YAZDIRMA\MADEIN_TAHTA_REIS.asm
                      SOL   0x00003c    program     static C:\Users\BRAIN\Desktop\LCD\LCD_4_BIT_KULLANARAK_SWAP_KULLANMADAN_SAYININ_TERSINI_EKRANA_YAZDIRMA\MADEIN_TAHTA_REIS.asm
                      SAG   0x000044    program     static C:\Users\BRAIN\Desktop\LCD\LCD_4_BIT_KULLANARAK_SWAP_KULLANMADAN_SAYININ_TERSINI_EKRANA_YAZDIRMA\MADEIN_TAHTA_REIS.asm
                     SWAP   0x00004d    program     static C:\Users\BRAIN\Desktop\LCD\LCD_4_BIT_KULLANARAK_SWAP_KULLANMADAN_SAYININ_TERSINI_EKRANA_YAZDIRMA\MADEIN_TAHTA_REIS.asm
                      SON   0x000054    program     static C:\Users\BRAIN\Desktop\LCD\LCD_4_BIT_KULLANARAK_SWAP_KULLANMADAN_SAYININ_TERSINI_EKRANA_YAZDIRMA\MADEIN_TAHTA_REIS.asm


