MPLINK 4.49, Linker
Linker Map File - Created Tue Dec 18 00:47:36 2018

                                 Section Info
                  Section       Type    Address   Location Size(Bytes)
                ---------  ---------  ---------  ---------  ---------
                   .org_0       code   0x000000    program   0x00004e
                   .cinit    romdata   0x000027    program   0x000004



                              Program Memory Usage 
                               Start         End      
                           ---------   ---------      
                            0x000000    0x000028      
            41 out of 8454 program addresses used, program memory utilization is 0%



                              Symbols - Sorted by Name
                     Name    Address   Location    Storage File                     
                ---------  ---------  ---------  --------- ---------                
                  GECIKME   0x000022    program     static C:\Users\BRAIN\Desktop\deneme\SOS_YAZ_USART(4 BIT)\MADEIN_ABDULLAH_TAHTALI.asm
                 GECIKTIR   0x000024    program     static C:\Users\BRAIN\Desktop\deneme\SOS_YAZ_USART(4 BIT)\MADEIN_ABDULLAH_TAHTALI.asm
                  KONTROL   0x000011    program     static C:\Users\BRAIN\Desktop\deneme\SOS_YAZ_USART(4 BIT)\MADEIN_ABDULLAH_TAHTALI.asm
                     MAIN   0x000000    program     static C:\Users\BRAIN\Desktop\deneme\SOS_YAZ_USART(4 BIT)\MADEIN_ABDULLAH_TAHTALI.asm



                              Symbols - Sorted by Address
                     Name    Address   Location    Storage File                     
                ---------  ---------  ---------  --------- ---------                
                     MAIN   0x000000    program     static C:\Users\BRAIN\Desktop\deneme\SOS_YAZ_USART(4 BIT)\MADEIN_ABDULLAH_TAHTALI.asm
                  KONTROL   0x000011    program     static C:\Users\BRAIN\Desktop\deneme\SOS_YAZ_USART(4 BIT)\MADEIN_ABDULLAH_TAHTALI.asm
                  GECIKME   0x000022    program     static C:\Users\BRAIN\Desktop\deneme\SOS_YAZ_USART(4 BIT)\MADEIN_ABDULLAH_TAHTALI.asm
                 GECIKTIR   0x000024    program     static C:\Users\BRAIN\Desktop\deneme\SOS_YAZ_USART(4 BIT)\MADEIN_ABDULLAH_TAHTALI.asm


