MPLINK 4.49, Linker
Linker Map File - Created Mon Nov 26 14:10:09 2018

                                 Section Info
                  Section       Type    Address   Location Size(Bytes)
                ---------  ---------  ---------  ---------  ---------
                   .org_0       code   0x000000    program   0x000000
                   .org_1       code   0x000000    program   0x000064
       .config_2007_KOD.O       code   0x002007    program   0x000002



                              Program Memory Usage 
                               Start         End      
                           ---------   ---------      
                            0x000000    0x000031      
                            0x002007    0x002007      
            51 out of 8454 program addresses used, program memory utilization is 0%



                              Symbols - Sorted by Name
                     Name    Address   Location    Storage File                     
                ---------  ---------  ---------  --------- ---------                
                   BUTON0   0x00001e    program     static C:\Users\BRAIN\Desktop\PWM_CALISMALARIM\PWM_LED_PARLAKLIGI\KOD.asm
                   BUTON1   0x000020    program     static C:\Users\BRAIN\Desktop\PWM_CALISMALARIM\PWM_LED_PARLAKLIGI\KOD.asm
                  GECIKME   0x000029    program     static C:\Users\BRAIN\Desktop\PWM_CALISMALARIM\PWM_LED_PARLAKLIGI\KOD.asm
                 GECIKME1   0x00002b    program     static C:\Users\BRAIN\Desktop\PWM_CALISMALARIM\PWM_LED_PARLAKLIGI\KOD.asm
                 GECIKTIR   0x00002d    program     static C:\Users\BRAIN\Desktop\PWM_CALISMALARIM\PWM_LED_PARLAKLIGI\KOD.asm
                     MAIN   0x000001    program     static C:\Users\BRAIN\Desktop\PWM_CALISMALARIM\PWM_LED_PARLAKLIGI\KOD.asm
          PARLAKLIK_ARTIR   0x000023    program     static C:\Users\BRAIN\Desktop\PWM_CALISMALARIM\PWM_LED_PARLAKLIGI\KOD.asm
          PARLAKLIK_AZALT   0x000026    program     static C:\Users\BRAIN\Desktop\PWM_CALISMALARIM\PWM_LED_PARLAKLIGI\KOD.asm



                              Symbols - Sorted by Address
                     Name    Address   Location    Storage File                     
                ---------  ---------  ---------  --------- ---------                
                     MAIN   0x000001    program     static C:\Users\BRAIN\Desktop\PWM_CALISMALARIM\PWM_LED_PARLAKLIGI\KOD.asm
                   BUTON0   0x00001e    program     static C:\Users\BRAIN\Desktop\PWM_CALISMALARIM\PWM_LED_PARLAKLIGI\KOD.asm
                   BUTON1   0x000020    program     static C:\Users\BRAIN\Desktop\PWM_CALISMALARIM\PWM_LED_PARLAKLIGI\KOD.asm
          PARLAKLIK_ARTIR   0x000023    program     static C:\Users\BRAIN\Desktop\PWM_CALISMALARIM\PWM_LED_PARLAKLIGI\KOD.asm
          PARLAKLIK_AZALT   0x000026    program     static C:\Users\BRAIN\Desktop\PWM_CALISMALARIM\PWM_LED_PARLAKLIGI\KOD.asm
                  GECIKME   0x000029    program     static C:\Users\BRAIN\Desktop\PWM_CALISMALARIM\PWM_LED_PARLAKLIGI\KOD.asm
                 GECIKME1   0x00002b    program     static C:\Users\BRAIN\Desktop\PWM_CALISMALARIM\PWM_LED_PARLAKLIGI\KOD.asm
                 GECIKTIR   0x00002d    program     static C:\Users\BRAIN\Desktop\PWM_CALISMALARIM\PWM_LED_PARLAKLIGI\KOD.asm


